******************************************************************************
                  TI ARM Linker PC v20.2.5                     
******************************************************************************
>> Linked Sun Dec  3 17:27:31 2023

OUTPUT FILE NAME:   <empty_MSP_EXP432P401R_freertos_ccs.out>
ENTRY POINT SYMBOL: "resetISR"  address: 00009641


MEMORY CONFIGURATION

         name            origin    length      used     unused   attr    fill
----------------------  --------  ---------  --------  --------  ----  --------
  MAIN                  00000000   00040000  00009ebc  00036144  R  X
  INFO                  00200000   00004000  00000000  00004000  R  X
  SRAM_CODE             01000000   00010000  00009d96  0000626a  RW X
  SRAM_DATA             20000000   00010000  00009d96  0000626a  RW  


SEGMENT ALLOCATION MAP

run origin  load origin   length   init length attrs members
----------  ----------- ---------- ----------- ----- -------
00000000    00000000    00009ec0   00009ec0    r-x
  00000000    00000000    00000144   00000144    r-- .intvecs
  00000144    00000144    0000976e   0000976e    r-x .text
  000098b4    000098b4    000004da   000004da    r-- .const
  00009d90    00009d90    00000130   00000130    r-- .cinit
20000000    20000000    000098ae   00000000    rw-
  20000000    20000000    000088e4   00000000    rw- .bss
  200088e4    200088e4    00000fca   00000000    rw- .data
20009c00    20009c00    000000e8   00000000    rw-
  20009c00    20009c00    000000e8   00000000    rw- .vtable
2000fc00    2000fc00    00000400   00000000    rw-
  2000fc00    2000fc00    00000400   00000000    rw- .stack


SECTION ALLOCATION MAP

 output                                  attributes/
section   page    origin      length       input sections
--------  ----  ----------  ----------   ----------------
.text      0    00000144    0000976e     
                  00000144    00000a4e     rtsv7M4_T_le_v4SPD16_eabi.lib : _printfi.c.obj (.text:__TI_printfi)
                  00000b92    00000002     ti_drivers_config.obj (.text:Board_initHook)
                  00000b94    000004a4     freertos_builds_MSP_EXP432P401R_release_ccs.lib : SystemP_freertos.obj (.text:doPrint)
                  00001038    00000388     senior.obj (.text:bluetoothThread)
                  000013c0    000002f8     drivers_msp432p401x.aem4f : PowerMSP432.oem4f (.text:Power_sleep)
                  000016b8    000002d0                               : UARTMSP432.oem4f (.text:UARTMSP432_open)
                  00001988    00000288                               : PowerMSP432.oem4f (.text:initPerfControl)
                  00001c10    00000270     rtsv7M4_T_le_v4SPD16_eabi.lib : _printfi.c.obj (.text:_pconv_a)
                  00001e80    00000208     drivers_msp432p401x.aem4f : PWMTimerMSP432.oem4f (.text:PWMTimerMSP432_open)
                  00002088    000001f0     freertos_builds_MSP_EXP432P401R_release_ccs.lib : tasks.obj (.text:xTaskIncrementTick)
                  00002278    000001d0     rtsv7M4_T_le_v4SPD16_eabi.lib : _printfi.c.obj (.text:_pconv_g)
                  00002448    000001cc     freertos_builds_MSP_EXP432P401R_release_ccs.lib : tasks.obj (.text:xTaskResumeAll)
                  00002614    000001b8                                                     : queue.obj (.text:xQueueGenericSend)
                  000027cc    000001b6     rtsv7M4_T_le_v4SPD16_eabi.lib : fd_add_t2.asm.obj (.text)
                  00002982    00000002     display.aem4f : DisplayUart.oem4f (.text:DisplayUartMin_clear)
                  00002984    000001b4     freertos_builds_MSP_EXP432P401R_release_ccs.lib : queue.obj (.text:xQueueSemaphoreTake)
                  00002b38    00000188                                                     : tasks.obj (.text:xTaskRemoveFromEventList)
                  00002cc0    0000017c                                                     : queue.obj (.text:xQueueReceive)
                  00002e3c    00000170                                                     : heap_4.obj (.text:pvPortMalloc)
                  00002fac    00000154                                                     : timers.obj (.text:prvProcessReceivedCommands)
                  00003100    00000148                                                     : tasks.obj (.text:vTaskPriorityDisinheritAfterTimeout)
                  00003248    0000013c     rtsv7M4_T_le_v4SPD16_eabi.lib : _printfi.c.obj (.text:_pconv_e)
                  00003384    00000138     freertos_builds_MSP_EXP432P401R_release_ccs.lib : pthread.obj (.text:pthread_create)
                  000034bc    00000138                                                     : queue.obj (.text:xQueueGenericSendFromISR)
                  000035f4    00000136     rtsv7M4_T_le_v4SPD16_eabi.lib : fd_div_t2.asm.obj (.text)
                  0000372a    00000002     display.aem4f : DisplayUart.oem4f (.text:DisplayUartMin_clearLines)
                  0000372c    00000124     rtsv7M4_T_le_v4SPD16_eabi.lib : _printfi.c.obj (.text:fcvt)
                  00003850    00000120     freertos_builds_MSP_EXP432P401R_release_ccs.lib : tasks.obj (.text:xTaskPriorityInherit)
                  00003970    0000011e                                                     : queue.obj (.text:xQueueGiveFromISR)
                  00003a8e    00000002     display.aem4f : DisplayUart.oem4f (.text:DisplayUartMin_init)
                  00003a90    0000011c     msp432p4xx_driverlib.lib : uart.o (.text:UART_initModule)
                  00003bac    00000118     freertos_builds_MSP_EXP432P401R_release_ccs.lib : tasks.obj (.text:vTaskSuspend)
                  00003cc4    00000118                                                     : tasks.obj (.text:xTaskPriorityDisinherit)
                  00003ddc    00000114     drivers_msp432p401x.aem4f : PWMTimerMSP432.oem4f (.text:PWMTimerMSP432_setPeriod)
                  00003ef0    00000114     senior.obj (.text:motorMovementThread)
                  00004004    00000110     rtsv7M4_T_le_v4SPD16_eabi.lib : s_scalbn.c.obj (.text:scalbn)
                  00004114    00000108     freertos_builds_MSP_EXP432P401R_release_ccs.lib : tasks.obj (.text:vTaskDelete)
                  0000421c    00000106                                                     : queue.obj (.text:xQueueReceiveFromISR)
                  00004322    00000002     msp432p4xx_driverlib.lib : interrupt.o (.text:IntDefaultHandler)
                  00004324    00000104                              : cs.o (.text:_CSComputeCLKFrequency)
                  00004428    00000104     freertos_builds_MSP_EXP432P401R_release_ccs.lib : tasks.obj (.text:prvAddNewTaskToReadyList)
                  0000452c    00000104                                                     : queue.obj (.text:xQueueGenericReset)
                  00004630    00000100                                                     : tasks.obj (.text:prvInitialiseNewTask)
                  00004730    000000fc     rtsv7M4_T_le_v4SPD16_eabi.lib : fd_mul_t2.asm.obj (.text)
                  0000482c    000000f8     msp432p4xx_driverlib.lib : cs.o (.text:CS_getDCOFrequency)
                  00004924    000000ec     senior.obj (.text:armThreadLeft)
                  00004a10    000000ec     senior.obj (.text:armThreadRight)
                  00004afc    000000e8     freertos_builds_MSP_EXP432P401R_release_ccs.lib : tasks.obj (.text:prvAddCurrentTaskToDelayedList)
                  00004be4    000000e6     stepper.obj (.text:stepper_left)
                  00004cca    000000e6     stepper.obj (.text:stepper_right)
                  00004db0    000000e4     msp432p4xx_driverlib.lib : cs.o (.text:CS_startHFXTWithTimeout)
                  00004e94    000000e0                              : cs.o (.text:CS_startLFXTWithTimeout)
                  00004f74    000000dc     drivers_msp432p401x.aem4f : UARTMSP432.oem4f (.text:UARTMSP432_readPolling)
                  00005050    000000dc     msp432p4xx_driverlib.lib : cs.o (.text:_CSGetHFXTFrequency)
                  0000512c    000000dc     freertos_builds_MSP_EXP432P401R_release_ccs.lib : tasks.obj (.text:vTaskSwitchContext)
                  00005208    000000da                                                     : portasm.obj (.text)
                  000052e2    00000002     drivers_msp432p401x.aem4f : PWMTimerMSP432.oem4f (.text:PWMTimerMSP432_init)
                  000052e4    000000d0     freertos_builds_MSP_EXP432P401R_release_ccs.lib : port.obj (.text:xPortStartScheduler)
                  000053b4    000000ca     drivers_msp432p401x.aem4f : UARTMSP432.oem4f (.text:UARTMSP432_hwiIntFxn)
                  0000547e    00000002     freertos_builds_MSP_EXP432P401R_release_ccs.lib : PowerMSP432_freertos.obj (.text:PowerMSP432_initPolicy)
                  00005480    000000c4     main_freertos.obj (.text:main)
                  00005544    000000bc     freertos_builds_MSP_EXP432P401R_release_ccs.lib : queue.obj (.text:prvCopyDataToQueue)
                  00005600    000000b8     drivers_msp432p401x.aem4f : UARTMSP432.oem4f (.text:initHw)
                  000056b8    000000b8                               : UARTMSP432.oem4f (.text:readTaskCallback)
                  00005770    000000b6     freertos_builds_MSP_EXP432P401R_release_ccs.lib : SystemP_freertos.obj (.text:formatNum)
                  00005826    00000002     drivers_msp432p401x.aem4f : UARTMSP432.oem4f (.text:UARTMSP432_init)
                  00005828    000000b4                               : UARTMSP432.oem4f (.text:UARTMSP432_control)
                  000058dc    000000b4                               : UARTMSP432.oem4f (.text:UARTMSP432_writePolling)
                  00005990    000000b4     freertos_builds_MSP_EXP432P401R_release_ccs.lib : tasks.obj (.text:xTaskCheckForTimeOut)
                  00005a44    000000b1     rtsv7M4_T_le_v4SPD16_eabi.lib : _printfi.c.obj (.text:_ltostr)
                  00005af5    00000001     --HOLE-- [fill = 0]
                  00005af6    00000002     freertos_builds_MSP_EXP432P401R_release_ccs.lib : startup_msp432_ccs.obj (.text:defaultISR)
                  00005af8    000000b0                                                     : heap_4.obj (.text:prvHeapInit)
                  00005ba8    000000ae                                                     : queue.obj (.text:prvUnlockQueue)
                  00005c56    000000a8     drivers_msp432p401x.aem4f : UARTMSP432.oem4f (.text:UARTMSP432_write)
                  00005cfe    00000002     freertos_builds_MSP_EXP432P401R_release_ccs.lib : startup_msp432_ccs.obj (.text:faultISR)
                  00005d00    000000a8                                                     : heap_4.obj (.text:prvInsertBlockIntoFreeList)
                  00005da8    000000a8     drivers_msp432p401x.aem4f : UARTMSP432.oem4f (.text:readTaskBlocking)
                  00005e50    000000a4                               : PWMTimerMSP432.oem4f (.text:PWMTimerMSP432_stop)
                  00005ef4    000000a4     freertos_builds_MSP_EXP432P401R_release_ccs.lib : heap_4.obj (.text:vPortFree)
                  00005f98    000000a0                                                     : ClockP_freertos.obj (.text:ClockP_create)
                  00006038    000000a0     drivers_msp432p401x.aem4f : UARTMSP432.oem4f (.text:readIsrTextCallback)
                  000060d8    0000009c                               : PowerMSP432.oem4f (.text:Power_init)
                  00006174    0000009c     rtsv7M4_T_le_v4SPD16_eabi.lib : memcpy_t2.asm.obj (.text)
                  00006210    00000098     freertos_builds_MSP_EXP432P401R_release_ccs.lib : tasks.obj (.text:vTaskStartScheduler)
                  000062a8    00000096     rtsv7M4_T_le_v4SPD16_eabi.lib : ull_div_t2.asm.obj (.text)
                  0000633e    00000002     freertos_builds_MSP_EXP432P401R_release_ccs.lib : startup_msp432_ccs.obj (.text:nmiISR)
                  00006340    00000094     drivers_msp432p401x.aem4f : PWMTimerMSP432.oem4f (.text:PWMTimerMSP432_setDuty)
                  000063d4    00000094     msp432p4xx_driverlib.lib : sysctl_a.o (.text:SysCtl_A_getTLVInfo)
                  00006468    00000092     drivers_msp432p401x.aem4f : UARTMSP432.oem4f (.text:UARTMSP432_close)
                  000064fa    00000092                               : UARTMSP432.oem4f (.text:writeData)
                  0000658c    00000090     senior.obj (.text:isSubstring)
                  0000661c    0000008c     drivers_msp432p401x.aem4f : UARTMSP432.oem4f (.text:readIsrTextBlocking)
                  000066a8    00000088                               : PWMTimerMSP432.oem4f (.text:PWMTimerMSP432_close)
                  00006730    00000088     freertos_builds_MSP_EXP432P401R_release_ccs.lib : timers.obj (.text:prvProcessTimerOrBlockTask)
                  000067b8    00000086     rtsv7M4_T_le_v4SPD16_eabi.lib : fd_cmp_t2.asm.obj (.text:__aeabi_cdcmple)
                  0000683e    00000086                                   : fd_cmp_t2.asm.obj (.text:__aeabi_cdrcmple)
                  000068c4    00000084     drivers_msp432p401x.aem4f : PWMTimerMSP432.oem4f (.text:PWMTimerMSP432_start)
                  00006948    00000084                               : PowerMSP432.oem4f (.text:restartHFXT)
                  000069cc    00000084     freertos_builds_MSP_EXP432P401R_release_ccs.lib : tasks.obj (.text:xTaskCreate)
                  00006a50    00000084                                                     : timers.obj (.text:xTimerGenericCommand)
                  00006ad4    00000082                                                     : queue.obj (.text:xQueueGenericCreate)
                  00006b56    00000002     rtsv7M4_T_le_v4SPD16_eabi.lib : div0.asm.obj (.text)
                  00006b58    00000080     msp432p4xx_driverlib.lib : interrupt.o (.text:Interrupt_disableInterrupt)
                  00006bd8    00000080                              : interrupt.o (.text:Interrupt_enableInterrupt)
                  00006c58    0000007c                              : cs.o (.text:_CSGetDOCFrequency)
                  00006cd4    0000007c     gps.obj (.text:gps_init)
                  00006d50    0000007c     hc_05.obj (.text:hc_05_init)
                  00006dcc    0000007c     drivers_msp432p401x.aem4f : PWMTimerMSP432.oem4f (.text:setConstraints)
                  00006e48    0000007a     freertos_builds_MSP_EXP432P401R_release_ccs.lib : pthread.obj (.text:removeThreadKeys)
                  00006ec2    0000007a     rtsv7M4_T_le_v4SPD16_eabi.lib : memset_t2.asm.obj (.text)
                  00006f3c    00000078     drivers_msp432p401x.aem4f : TimerMSP432.oem4f (.text:TimerMSP432_allocateTimerResource)
                  00006fb4    00000078     freertos_builds_MSP_EXP432P401R_release_ccs.lib : timers.obj (.text:prvInsertTimerInActiveList)
                  0000702c    00000078                                                     : port.obj (.text:vPortSetupTimerInterrupt)
                  000070a4    00000078                                                     : tasks.obj (.text:vTaskPlaceOnEventListRestricted)
                  0000711c    00000076     gps.obj (.text:tokenize_gps)
                  00007192    00000002     main_freertos.obj (.text:vApplicationMallocFailedHook)
                  00007194    00000074     freertos_builds_MSP_EXP432P401R_release_ccs.lib : tasks.obj (.text:prvInitialiseTaskLists)
                  00007208    00000074                                                     : port.obj (.text:vPortValidateInterruptPriority)
                  0000727c    00000070     drivers_msp432p401x.aem4f : UARTMSP432.oem4f (.text:UARTMSP432_writeCancel)
                  000072ec    00000070     freertos_builds_MSP_EXP432P401R_release_ccs.lib : ClockP_freertos.obj (.text:setClockObjTimeout)
                  0000735c    0000006e     rtsv7M4_T_le_v4SPD16_eabi.lib : _printfi.c.obj (.text:_mcpy)
                  000073ca    0000006a     drivers_msp432p401x.aem4f : PWMTimerMSP432.oem4f (.text:perfChangeNotifyFxn)
                  00007434    00000068                               : PowerMSP432.oem4f (.text:PowerMSP432_getFreqs)
                  0000749c    00000068     rtsv7M4_T_le_v4SPD16_eabi.lib : copy_decompress_lzss.c.obj (.text:decompress:lzss:__TI_decompress_lzss)
                  00007504    00000068     drivers_msp432p401x.aem4f : PWMTimerMSP432.oem4f (.text:initHw)
                  0000756c    00000066     freertos_builds_MSP_EXP432P401R_release_ccs.lib : list.obj (.text:vListInsert)
                  000075d2    00000002     --HOLE-- [fill = 0]
                  000075d4    00000064                                                     : ClockP_freertos.obj (.text:ClockP_stop)
                  00007638    00000064     rtsv7M4_T_le_v4SPD16_eabi.lib : s_frexp.c.obj (.text:frexp)
                  0000769c    00000064     freertos_builds_MSP_EXP432P401R_release_ccs.lib : tasks.obj (.text:prvGetExpectedIdleTime)
                  00007700    00000062     msp432p4xx_driverlib.lib : cs.o (.text:_CSGetDividerValue)
                  00007762    00000062     freertos_builds_MSP_EXP432P401R_release_ccs.lib : timers.obj (.text:prvInitialiseNewTimer)
                  000077c4    00000060                                                     : HwiPMSP432_freertos.obj (.text:HwiP_create)
                  00007824    00000060                                                     : port.obj (.text:pxPortInitialiseStack)
                  00007884    0000005e     servo.obj (.text:arm_set_duty)
                  000078e2    00000002     --HOLE-- [fill = 0]
                  000078e4    0000005c     display.aem4f : Display.oem4f (.text:Display_doOpen)
                  00007940    0000005c     msp432p4xx_driverlib.lib : interrupt.o (.text:Interrupt_registerInterrupt)
                  0000799c    0000005c     freertos_builds_MSP_EXP432P401R_release_ccs.lib : tasks.obj (.text:prvIdleTask)
                  000079f8    0000005c                                                     : pthread.obj (.text:pthread_exit)
                  00007a54    0000005c                                                     : queue.obj (.text:vQueueWaitForMessageRestricted)
                  00007ab0    00000058     drivers_msp432p401x.aem4f : GPIOMSP432.oem4f (.text:GPIO_write)
                  00007b08    00000058                               : UARTMSP432.oem4f (.text:readIsrBinaryBlocking)
                  00007b60    00000056     freertos_builds_MSP_EXP432P401R_release_ccs.lib : SemaphoreP_freertos.obj (.text:SemaphoreP_create)
                  00007bb6    00000056     rtsv7M4_T_le_v4SPD16_eabi.lib : _printfi.c.obj (.text:_pconv_f)
                  00007c0c    00000054     freertos_builds_MSP_EXP432P401R_release_ccs.lib : ClockP_freertos.obj (.text:ClockP_delete)
                  00007c60    00000054     msp432p4xx_driverlib.lib : interrupt.o (.text:Interrupt_setPriority)
                  00007cb4    00000054     drivers_msp432p401x.aem4f : TimerMSP432.oem4f (.text:TimerMSP432_freeTimerResource)
                  00007d08    00000054     rtsv7M4_T_le_v4SPD16_eabi.lib : _ltoa.c.obj (.text:__TI_ltoa)
                  00007d5c    00000054     freertos_builds_MSP_EXP432P401R_release_ccs.lib : timers.obj (.text:xTimerCreateTimerTask)
                  00007db0    00000052     rtsv7M4_T_le_v4SPD16_eabi.lib : _printfi.c.obj (.text:_ecpy)
                  00007e02    00000002     --HOLE-- [fill = 0]
                  00007e04    0000004c                                   : atoi.c.obj (.text:atoi)
                  00007e50    0000004c     senior.obj (.text:gpsThread)
                  00007e9c    0000004c     motors.obj (.text:motor_init)
                  00007ee8    0000004c     freertos_builds_MSP_EXP432P401R_release_ccs.lib : timers.obj (.text:prvCheckForValidListAndQueue)
                  00007f34    0000004c                                                     : tasks.obj (.text:prvCheckTasksWaitingTermination)
                  00007f80    0000004c                                                     : timers.obj (.text:prvProcessExpiredTimer)
                  00007fcc    0000004c     drivers_msp432p401x.aem4f : UARTMSP432.oem4f (.text:readIsrBinaryCallback)
                  00008018    0000004c     freertos_builds_MSP_EXP432P401R_release_ccs.lib : port.obj (.text:vPortEnterCritical)
                  00008064    0000004a     display.aem4f : DisplayUart.oem4f (.text:DisplayUartMin_open)
                  000080ae    00000002     --HOLE-- [fill = 0]
                  000080b0    00000048     freertos_builds_MSP_EXP432P401R_release_ccs.lib : HwiPMSP432_freertos.obj (.text:HwiP_dispatch)
                  000080f8    00000048     drivers_msp432p401x.aem4f : PowerMSP432.oem4f (.text:Power_releaseConstraint)
                  00008140    00000048     freertos_builds_MSP_EXP432P401R_release_ccs.lib : timers.obj (.text:prvSwitchTimerLists)
                  00008188    00000048     rtsv7M4_T_le_v4SPD16_eabi.lib : fd_toi_t2.asm.obj (.text)
                  000081d0    00000048     freertos_builds_MSP_EXP432P401R_release_ccs.lib : list.obj (.text:uxListRemove)
                  00008218    00000046     display.aem4f : DisplayUart.oem4f (.text:DisplayUartMin_vprintf)
                  0000825e    00000046     drivers_msp432p401x.aem4f : RingBuf.oem4f (.text:RingBuf_put)
                  000082a4    00000046     hc_05.obj (.text:hc_05_read)
                  000082ea    00000046     freertos_builds_MSP_EXP432P401R_release_ccs.lib : queue.obj (.text:xQueueCreateCountingSemaphore)
                  00008330    00000044     drivers_msp432p401x.aem4f : PWM.oem4f (.text:PWM_init)
                  00008374    00000044                               : UART.oem4f (.text:UART_init)
                  000083b8    00000044     rtsv7M4_T_le_v4SPD16_eabi.lib : autoinit.c.obj (.text:__TI_auto_init_nobinit_nopinit:__TI_auto_init_nobinit_nopinit)
                  000083fc    00000044     freertos_builds_MSP_EXP432P401R_release_ccs.lib : queue.obj (.text:prvInitialiseNewQueue)
                  00008440    00000044                                                     : tasks.obj (.text:pvTaskGetThreadLocalStoragePointer)
                  00008484    00000044     rtsv7M4_T_le_v4SPD16_eabi.lib : fd_tou_t2.asm.obj (.text)
                  000084c8    00000040     drivers_msp432p401x.aem4f : PWM.oem4f (.text:PWM_open)
                  00008508    00000040                               : RingBuf.oem4f (.text:RingBuf_get)
                  00008548    00000040                               : UARTMSP432.oem4f (.text:UARTMSP432_read)
                  00008588    00000040                               : UART.oem4f (.text:UART_open)
                  000085c8    00000040                               : PWMTimerMSP432.oem4f (.text:getDutyCounts)
                  00008608    00000040                               : PWMTimerMSP432.oem4f (.text:getPeriodCounts)
                  00008648    00000040                               : UARTMSP432.oem4f (.text:perfChangeNotifyFxn)
                  00008688    00000040     rtsv7M4_T_le_v4SPD16_eabi.lib : u_divt2.asm.obj (.text)
                  000086c8    00000040                                   : sprintf.c.obj (.text:sprintf)
                  00008708    0000003e     freertos_builds_MSP_EXP432P401R_release_ccs.lib : ClockP_freertos.obj (.text:ClockP_callbackFxn)
                  00008746    0000003e     rtsv7M4_T_le_v4SPD16_eabi.lib : _printfi.c.obj (.text:_fcpy)
                  00008784    0000003e     freertos_builds_MSP_EXP432P401R_release_ccs.lib : pthread.obj (.text:pthread_setcancelstate)
                  000087c2    0000003c                                                     : queue.obj (.text:prvCopyDataFromQueue)
                  000087fe    0000003c                                                     : list.obj (.text:vListInsertEnd)
                  0000883a    0000003c                                                     : timers.obj (.text:xTimerCreate)
                  00008876    0000003a                                                     : PowerMSP432_freertos.obj (.text:PowerMSP432_sleepPolicy)
                  000088b0    0000003a     servo.obj (.text:arm_set_duty_all)
                  000088ea    0000003a     gps.obj (.text:gps_read)
                  00008924    00000038     drivers_msp432p401x.aem4f : PowerMSP432.oem4f (.text:Power_setConstraint)
                  0000895c    00000038                               : PowerMSP432.oem4f (.text:notify)
                  00008994    00000038     freertos_builds_MSP_EXP432P401R_release_ccs.lib : timers.obj (.text:prvGetNextExpireTime)
                  000089cc    00000038                                                     : port.obj (.text:prvTaskExitError)
                  00008a04    00000036     drivers_msp432p401x.aem4f : UARTMSP432.oem4f (.text:UARTMSP432_readCancel)
                  00008a3a    00000036     freertos_builds_MSP_EXP432P401R_release_ccs.lib : timers.obj (.text:prvReloadTimer)
                  00008a70    00000036     stepper.obj (.text:stepper_stop)
                  00008aa6    00000034     freertos_builds_MSP_EXP432P401R_release_ccs.lib : SemaphoreP_freertos.obj (.text:SemaphoreP_pend)
                  00008ada    00000002     --HOLE-- [fill = 0]
                  00008adc    00000034     rtsv7M4_T_le_v4SPD16_eabi.lib : boot_cortex_m.c.obj (.text:_c_int00_noargs:_c_int00_noargs)
                  00008b10    00000034     freertos_builds_MSP_EXP432P401R_release_ccs.lib : timers.obj (.text:prvSampleTimeNow)
                  00008b44    00000034                                                     : tasks.obj (.text:vTaskPlaceOnEventList)
                  00008b78    00000030     msp432p4xx_driverlib.lib : cs.o (.text:CS_clearInterruptFlag)
                  00008ba8    00000030     hc_05.obj (.text:hc_05_write)
                  00008bd8    00000030     drivers_msp432p401x.aem4f : PWMTimerMSP432.oem4f (.text:mapPin)
                  00008c08    00000030                               : UARTMSP432.oem4f (.text:mapPin)
                  00008c38    00000030     freertos_builds_MSP_EXP432P401R_release_ccs.lib : tasks.obj (.text:prvResetNextTaskUnblockTime)
                  00008c68    00000030                                                     : list.obj (.text:vListInitialise)
                  00008c98    00000030                                                     : port.obj (.text:vPortExitCritical)
                  00008cc8    00000030                                                     : tasks.obj (.text:xTaskGetSchedulerState)
                  00008cf8    0000002e                                                     : SystemP_freertos.obj (.text:putChar)
                  00008d26    0000002e                                                     : timers.obj (.text:pvTimerGetTimerID)
                  00008d54    0000002e     rtsv7M4_T_le_v4SPD16_eabi.lib : i_tofd_t2.asm.obj (.text)
                  00008d82    00000002     --HOLE-- [fill = 0]
                  00008d84    0000002c     freertos_builds_MSP_EXP432P401R_release_ccs.lib : HwiPMSP432_freertos.obj (.text:HwiP_disable)
                  00008db0    0000002c                                                     : SemaphoreP_freertos.obj (.text:SemaphoreP_createBinary)
                  00008ddc    0000002c                                                     : tasks.obj (.text:vTaskSetApplicationTaskTag)
                  00008e08    0000002c                                                     : port.obj (.text:xPortSysTickHandler)
                  00008e34    0000002a     display.aem4f : Display.oem4f (.text:Display_doPrintf)
                  00008e5e    00000002     --HOLE-- [fill = 0]
                  00008e60    00000028     msp432p4xx_driverlib.lib : cs.o (.text:CS_getMCLK)
                  00008e88    00000028     display.aem4f : Display.oem4f (.text:Display_doInit)
                  00008eb0    00000028     freertos_builds_MSP_EXP432P401R_release_ccs.lib : HwiPMSP432_freertos.obj (.text:HwiP_inISR)
                  00008ed8    00000028     drivers_msp432p401x.aem4f : PowerMSP432.oem4f (.text:Power_registerNotify)
                  00008f00    00000028                               : PowerMSP432.oem4f (.text:disableFaultCounter)
                  00008f28    00000028                               : PowerMSP432.oem4f (.text:disableHFXT)
                  00008f50    00000028                               : UARTMSP432.oem4f (.text:findBaudDividerIndex)
                  00008f78    00000028     motors.obj (.text:motors_backward)
                  00008fa0    00000028     motors.obj (.text:motors_forward)
                  00008fc8    00000028     motors.obj (.text:motors_init)
                  00008ff0    00000028     motors.obj (.text:motors_left)
                  00009018    00000028     motors.obj (.text:motors_pwm_start)
                  00009040    00000028     motors.obj (.text:motors_right)
                  00009068    00000028     motors.obj (.text:motors_stop)
                  00009090    00000028     freertos_builds_MSP_EXP432P401R_release_ccs.lib : pthread.obj (.text:pthread_attr_setschedparam)
                  000090b8    00000028                                                     : tasks.obj (.text:xTaskGetApplicationTaskTag)
                  000090e0    00000026     drivers_msp432p401x.aem4f : List.oem4f (.text:List_put)
                  00009106    00000026                               : List.oem4f (.text:List_remove)
                  0000912c    00000026     freertos_builds_MSP_EXP432P401R_release_ccs.lib : pthread.obj (.text:_pthread_cleanup_pop)
                  00009152    00000026     servo.obj (.text:arm_start)
                  00009178    00000026     servo.obj (.text:arm_stop)
                  0000919e    00000026     freertos_builds_MSP_EXP432P401R_release_ccs.lib : queue.obj (.text:prvIsQueueFull)
                  000091c4    00000026     drivers_msp432p401x.aem4f : PWMTimerMSP432.oem4f (.text:releaseConstraints)
                  000091ea    00000026     servo.obj (.text:servo_set_duty)
                  00009210    00000024     freertos_builds_MSP_EXP432P401R_release_ccs.lib : queue.obj (.text:prvGetDisinheritPriorityAfterTimeout)
                  00009234    00000024                                                     : queue.obj (.text:vQueueDelete)
                  00009258    00000024                                                     : tasks.obj (.text:vTaskInternalSetTimeOutState)
                  0000927c    00000022                                                     : SemaphoreP_freertos.obj (.text:SemaphoreP_post)
                  0000929e    00000022                                                     : SystemP_freertos.obj (.text:SystemP_vsnprintf)
                  000092c0    00000022     motors.obj (.text:motor_set_duty)
                  000092e2    00000022     freertos_builds_MSP_EXP432P401R_release_ccs.lib : pthread.obj (.text:pthread_attr_setdetachstate)
                  00009304    00000020     msp432p4xx_driverlib.lib : cs.o (.text:CS_setExternalClockSourceFrequency)
                  00009324    00000020     freertos_builds_MSP_EXP432P401R_release_ccs.lib : HwiPMSP432_freertos.obj (.text:HwiP_restore)
                  00009344    00000020     drivers_msp432p401x.aem4f : PowerMSP432.oem4f (.text:Power_unregisterNotify)
                  00009364    00000020                               : RingBuf.oem4f (.text:RingBuf_peek)
                  00009384    00000020     freertos_builds_MSP_EXP432P401R_release_ccs.lib : queue.obj (.text:prvIsQueueEmpty)
                  000093a4    0000001e                                                     : ClockP_freertos.obj (.text:ClockP_start)
                  000093c2    0000001e                                                     : HwiPMSP432_freertos.obj (.text:HwiP_Params_init)
                  000093e0    0000001e                                                     : pthread.obj (.text:_pthread_runStub)
                  000093fe    0000001e     drivers_msp432p401x.aem4f : PWMTimerMSP432.oem4f (.text:corroboratePeriod)
                  0000941c    0000001c     freertos_builds_MSP_EXP432P401R_release_ccs.lib : ClockP_freertos.obj (.text:ClockP_Params_init)
                  00009438    0000001c     msp432p4xx_driverlib.lib : interrupt.o (.text:Interrupt_unregisterInterrupt)
                  00009454    0000001c     rtsv7M4_T_le_v4SPD16_eabi.lib : memccpy.c.obj (.text:memccpy)
                  00009470    0000001c     freertos_builds_MSP_EXP432P401R_release_ccs.lib : pthread.obj (.text:pthread_attr_init)
                  0000948c    0000001c                                                     : tasks.obj (.text:pvTaskIncrementMutexHeldCount)
                  000094a8    0000001a                                                     : PTLS.obj (.text:PTLS_taskDeleteHook)
                  000094c2    0000001a     rtsv7M4_T_le_v4SPD16_eabi.lib : s_copysign.c.obj (.text:copysign)
                  000094dc    0000001a     freertos_builds_MSP_EXP432P401R_release_ccs.lib : timers.obj (.text:prvTimerTask)
                  000094f6    00000002     --HOLE-- [fill = 0]
                  000094f8    00000018     msp432p4xx_driverlib.lib : sysctl_a.o (.text:SysCtl_A_disableNMISource)
                  00009510    00000018                              : sysctl_a.o (.text:SysCtl_A_enableNMISource)
                  00009528    00000018     drivers_msp432p401x.aem4f : UART.oem4f (.text:UART_Params_init)
                  00009540    00000018     rtsv7M4_T_le_v4SPD16_eabi.lib : sprintf.c.obj (.text:_outs)
                  00009558    00000018     drivers_msp432p401x.aem4f : PWMTimerMSP432.oem4f (.text:corroborateDuty)
                  00009570    00000016     freertos_builds_MSP_EXP432P401R_release_ccs.lib : ClockP_freertos.obj (.text:ClockP_setTimeout)
                  00009586    00000016     display.aem4f : DisplayUart.oem4f (.text:DisplayUartMin_close)
                  0000959c    00000016     freertos_builds_MSP_EXP432P401R_release_ccs.lib : SemaphoreP_freertos.obj (.text:SemaphoreP_Params_init)
                  000095b2    00000016     rtsv7M4_T_le_v4SPD16_eabi.lib : strchr.c.obj (.text:strchr)
                  000095c8    00000014     drivers_msp432p401x.aem4f : PWM.oem4f (.text:PWM_Params_init)
                  000095dc    00000014                               : PowerMSP432.oem4f (.text:Power_idleFunc)
                  000095f0    00000014                               : UARTMSP432.oem4f (.text:clearTXCPTIFG)
                  00009604    00000014     freertos_builds_MSP_EXP432P401R_release_ccs.lib : tasks.obj (.text:prvDeleteTCB)
                  00009618    00000014                                                     : pthread.obj (.text:pthread_attr_setstacksize)
                  0000962c    00000014                                                     : pthread.obj (.text:pthread_self)
                  00009640    00000014                                                     : startup_msp432_ccs.obj (.text:resetISR)
                  00009654    00000014     rtsv7M4_T_le_v4SPD16_eabi.lib : strlen.c.obj (.text:strlen)
                  00009668    00000014     freertos_builds_MSP_EXP432P401R_release_ccs.lib : tasks.obj (.text:xTaskGetCurrentTaskHandle)
                  0000967c    00000014                                                     : tasks.obj (.text:xTaskGetTickCount)
                  00009690    00000012                                                     : HwiPMSP432_freertos.obj (.text:HwiP_delete)
                  000096a2    00000012     drivers_msp432p401x.aem4f : RingBuf.oem4f (.text:RingBuf_construct)
                  000096b4    00000012     rtsv7M4_T_le_v4SPD16_eabi.lib : wcslen.c.obj (.text:wcslen)
                  000096c6    00000002     --HOLE-- [fill = 0]
                  000096c8    00000010     drivers_msp432p401x.aem4f : PowerMSP432.oem4f (.text:PowerMSP432_getNumPerfLevels)
                  000096d8    00000010     msp432p4xx_driverlib.lib : sysctl_a.o (.text:SysCtl_A_getNMISourceStatus)
                  000096e8    00000010                              : sysctl.o (.text:SysCtl_getNMISourceStatus)
                  000096f8    00000010     motors.obj (.text:motor_backward)
                  00009708    00000010     motors.obj (.text:motor_forward)
                  00009718    00000010     motors.obj (.text:motor_stop)
                  00009728    00000010     drivers_msp432p401x.aem4f : UARTMSP432.oem4f (.text:readBlockingTimeout)
                  00009738    00000010     freertos_builds_MSP_EXP432P401R_release_ccs.lib : list.obj (.text:vListInitialiseItem)
                  00009748    00000010                                                     : tasks.obj (.text:vTaskSuspendAll)
                  00009758    0000000e     rtsv7M4_T_le_v4SPD16_eabi.lib : copy_decompress_none.c.obj (.text:decompress:none:__TI_decompress_none)
                  00009766    0000000e     motors.obj (.text:motor_pwm_start)
                  00009774    0000000e     servo.obj (.text:servo_start)
                  00009782    0000000e     servo.obj (.text:servo_stop)
                  00009790    0000000c     ti_drivers_config.obj (.text:Board_init)
                  0000979c    0000000c     msp432p4xx_driverlib.lib : cpu.o (.text:CPU_cpsid)
                  000097a8    0000000c                              : cpu.o (.text:CPU_cpsie)
                  000097b4    0000000c     drivers_msp432p401x.aem4f : PowerMSP432.oem4f (.text:Power_getConstraintMask)
                  000097c0    0000000c                               : PowerMSP432.oem4f (.text:Power_getPerformanceLevel)
                  000097cc    0000000c     freertos_builds_MSP_EXP432P401R_release_ccs.lib : SemaphoreP_freertos.obj (.text:SemaphoreP_delete)
                  000097d8    0000000c     rtsv7M4_T_le_v4SPD16_eabi.lib : copy_zero_init.c.obj (.text:decompress:ZI:__TI_zero_init)
                  000097e4    0000000c     freertos_builds_MSP_EXP432P401R_release_ccs.lib : tasks.obj (.text:uxTaskGetNumberOfTasks)
                  000097f0    0000000c                                                     : tasks.obj (.text:vTaskMissedYield)
                  000097fc    0000000a     drivers_msp432p401x.aem4f : PWM.oem4f (.text:PWM_setDuty)
                  00009806    0000000a                               : PWM.oem4f (.text:PWM_start)
                  00009810    0000000a                               : PWM.oem4f (.text:PWM_stop)
                  0000981a    0000000a     freertos_builds_MSP_EXP432P401R_release_ccs.lib : PowerMSP432_freertos.obj (.text:PowerMSP432_updateFreqs)
                  00009824    0000000a     drivers_msp432p401x.aem4f : UART.oem4f (.text:UART_close)
                  0000982e    0000000a                               : UART.oem4f (.text:UART_control)
                  00009838    0000000a                               : UART.oem4f (.text:UART_read)
                  00009842    0000000a                               : UART.oem4f (.text:UART_write)
                  0000984c    0000000a     rtsv7M4_T_le_v4SPD16_eabi.lib : sprintf.c.obj (.text:_outc)
                  00009856    0000000a     main_freertos.obj (.text:vApplicationStackOverflowHook)
                  00009860    0000000a     freertos_builds_MSP_EXP432P401R_release_ccs.lib : PowerMSP432_freertos.obj (.text:vPortSuppressTicksAndSleep)
                  0000986a    00000002     --HOLE-- [fill = 0]
                  0000986c    00000008     rtsv7M4_T_le_v4SPD16_eabi.lib : errno.c.obj (.text:__aeabi_errno_addr)
                  00009874    00000008     drivers_msp432p401x.aem4f : UARTMSP432.oem4f (.text:readSemCallback)
                  0000987c    00000008                               : UARTMSP432.oem4f (.text:txcptEnabledStatus)
                  00009884    00000008                               : UARTMSP432.oem4f (.text:writeSemCallback)
                  0000988c    00000006     display.aem4f : DisplayUart.oem4f (.text:DisplayUartMin_control)
                  00009892    00000006                   : DisplayUart.oem4f (.text:DisplayUartMin_getType)
                  00009898    00000006                   : Display.oem4f (.text:Display_doParamsInit)
                  0000989e    00000006     drivers_msp432p401x.aem4f : PWMTimerMSP432.oem4f (.text:PWMTimerMSP432_control)
                  000098a4    00000006                               : PWMTimerMSP432.oem4f (.text:PWMTimerMSP432_setDutyAndPeriod)
                  000098aa    00000004     rtsv7M4_T_le_v4SPD16_eabi.lib : pre_init.c.obj (.text:_system_pre_init)
                  000098ae    00000004                                   : exit.c.obj (.text:abort:abort)

.const     0    000098b4    000004da     
                  000098b4    00000101     rtsv7M4_T_le_v4SPD16_eabi.lib : ctype.c.obj (.const:.string:_ctypes_)
                  000099b5    00000001     display.aem4f : Display.oem4f (.const:Display_defaultParams)
                  000099b6    00000002     --HOLE-- [fill = 0]
                  000099b8    000000b0     ti_drivers_config.obj (.const:uartMSP432HWAttrs)
                  00009a68    00000090     ti_drivers_config.obj (.const:uartMSP432Baudrates)
                  00009af8    00000060     ti_drivers_config.obj (.const:PWM_config)
                  00009b58    00000050     msp432p4xx_driverlib.lib : interrupt.o (.const:g_pulRegs)
                  00009ba8    00000040     ti_drivers_config.obj (.const:pwmTimerMSP432HWAttrs)
                  00009be8    00000038     ti_drivers_config.obj (.const:PowerMSP432_config)
                  00009c20    00000030     ti_drivers_config.obj (.const:UART_config)
                  00009c50    00000028     drivers_msp432p401x.aem4f : UARTMSP432.oem4f (.const:UARTMSP432_fxnTable)
                  00009c78    00000024                               : PWMTimerMSP432.oem4f (.const:PWMTimerMSP432_fxnTable)
                  00009c9c    00000024                               : UART.oem4f (.const:UART_defaultParams)
                  00009cc0    00000020     display.aem4f : DisplayUart.oem4f (.const:DisplayUartMin_fxnTable)
                  00009ce0    00000020     drivers_msp432p401x.aem4f : UARTMSP432.oem4f (.const:staticFxnTable)
                  00009d00    00000018                               : PWM.oem4f (.const:PWM_defaultParams)
                  00009d18    00000014     ti_drivers_config.obj (.const:GPIOMSP432_config)
                  00009d2c    00000014     ti_drivers_config.obj (.const:displayUartHWAttrs)
                  00009d40    00000010     drivers_msp432p401x.aem4f : PWMTimerMSP432.oem4f (.const:pwmTimerBaseAddr)
                  00009d50    0000000c     ti_drivers_config.obj (.const:Display_config)
                  00009d5c    00000008     freertos_builds_MSP_EXP432P401R_release_ccs.lib : port.obj (.const)
                  00009d64    00000008     msp432p4xx_driverlib.lib : interrupt.o (.const:g_pulDisRegs)
                  00009d6c    00000008                              : interrupt.o (.const:g_pulEnRegs)
                  00009d74    00000005     drivers_msp432p401x.aem4f : UARTMSP432.oem4f (.const:.string:parityTypes)
                  00009d79    00000003     --HOLE-- [fill = 0]
                  00009d7c    00000004     freertos_builds_MSP_EXP432P401R_release_ccs.lib : pthread.obj (.const)
                  00009d80    00000004                                                     : tasks.obj (.const)
                  00009d84    00000004     drivers_msp432p401x.aem4f : UARTMSP432.oem4f (.const:stopBits)
                  00009d88    00000004     ti_drivers_config.obj (.const)
                  00009d8c    00000002     freertos_builds_MSP_EXP432P401R_release_ccs.lib : pthread.obj (.const:.string)

.cinit     0    00009d90    00000130     
                  00009d90    000000fb     (.cinit..data.load) [load image, compression = lzss]
                  00009e8b    00000001     --HOLE-- [fill = 0]
                  00009e8c    0000000c     (__TI_handler_table)
                  00009e98    00000008     (.cinit..bss.load) [load image, compression = zero_init]
                  00009ea0    00000008     (.cinit..vtable.load) [load image, compression = zero_init]
                  00009ea8    00000018     (__TI_cinit_table)

.init_array 
*          0    00000000    00000000     UNINITIALIZED

.intvecs   0    00000000    00000144     
                  00000000    00000144     freertos_builds_MSP_EXP432P401R_release_ccs.lib : startup_msp432_ccs.obj (.intvecs:retain)

.bss       0    20000000    000088e4     UNINITIALIZED
                  20000000    00008000     freertos_builds_MSP_EXP432P401R_release_ccs.lib : heap_4.obj (.bss:ucHeap)
                  20008000    00000400     ti_drivers_config.obj (.bss:displayUARTBuffer)
                  20008400    00000200     (.common:uartMSP432Objects)
                  20008600    000000c8     freertos_builds_MSP_EXP432P401R_release_ccs.lib : tasks.obj (.bss:pxReadyTasksLists)
                  200086c8    00000080     ti_drivers_config.obj (.bss:uartMSP432RingBuffer1)
                  20008748    00000060     (.common:pwmTimerMSP432Objects)
                  200087a8    00000040     ti_drivers_config.obj (.bss:uartMSP432RingBuffer0)
                  200087e8    00000020     ti_drivers_config.obj (.bss:uartMSP432RingBuffer2)
                  20008808    00000020     ti_drivers_config.obj (.bss:uartMSP432RingBuffer3)
                  20008828    00000014     freertos_builds_MSP_EXP432P401R_release_ccs.lib : timers.obj (.bss:xActiveTimerList1)
                  2000883c    00000014                                                     : timers.obj (.bss:xActiveTimerList2)
                  20008850    00000014                                                     : tasks.obj (.bss:xDelayedTaskList1)
                  20008864    00000014                                                     : tasks.obj (.bss:xDelayedTaskList2)
                  20008878    00000014                                                     : tasks.obj (.bss:xPendingReadyList)
                  2000888c    00000014                                                     : tasks.obj (.bss:xSuspendedTaskList)
                  200088a0    00000014                                                     : tasks.obj (.bss:xTasksWaitingTermination)
                  200088b4    0000000c     (.common:displayUartObject)
                  200088c0    00000008                                                     : tasks.obj (.bss)
                  200088c8    00000008                                                     : timers.obj (.bss)
                  200088d0    00000008     msp432p4xx_driverlib.lib : cs.o (.bss)
                  200088d8    00000008     freertos_builds_MSP_EXP432P401R_release_ccs.lib : heap_4.obj (.bss:xStart)
                  200088e0    00000004     drivers_msp432p401x.aem4f : TimerMSP432.oem4f (.bss:timerState)

.data      0    200088e4    00000fca     UNINITIALIZED
                  200088e4    00000800     freertos_builds_MSP_EXP432P401R_release_ccs.lib : HwiPMSP432_freertos.obj (.data:HwiP_dispatchTable)
                  200090e4    00000388     senior.obj (.data:gps)
                  2000946c    00000140     drivers_msp432p401x.aem4f : PowerMSP432.oem4f (.data:PowerMSP432_perfLevels)
                  200095ac    00000110                               : PWMTimerMSP432.oem4f (.data:pwmTimerStatus)
                  200096bc    00000048     senior.obj (.data:gui_bluetooth)
                  20009704    00000048     senior.obj (.data:hc_05)
                  2000974c    00000034     freertos_builds_MSP_EXP432P401R_release_ccs.lib : tasks.obj (.data)
                  20009780    0000002c     drivers_msp432p401x.aem4f : PowerMSP432.oem4f (.data:PowerMSP432_module)
                  200097ac    00000018     freertos_builds_MSP_EXP432P401R_release_ccs.lib : port.obj (.data)
                  200097c4    00000014                                                     : pthread.obj (.data:defaultPthreadAttrs)
                  200097d8    00000014                                                     : heap_4.obj (.data)
                  200097ec    00000014     ti_drivers_config.obj (.data:gpioCallbackFunctions)
                  20009800    00000014     ti_drivers_config.obj (.data:gpioPinConfigs)
                  20009814    00000010     senior.obj (.data:robotic_arm)
                  20009824    0000000c     freertos_builds_MSP_EXP432P401R_release_ccs.lib : timers.obj (.data)
                  20009830    0000000c     senior.obj (.data:motor_0)
                  2000983c    0000000c     senior.obj (.data:motor_1)
                  20009848    0000000c     senior.obj (.data:motor_2)
                  20009854    0000000c     senior.obj (.data:motor_3)
                  20009860    00000008     senior.obj (.data:left_side)
                  20009868    00000008     senior.obj (.data:right_side)
                  20009870    00000008     senior.obj (.data:robotic_base)
                  20009878    00000008     senior.obj (.data:servo_0)
                  20009880    00000008     senior.obj (.data:servo_1)
                  20009888    00000008     senior.obj (.data:servo_2)
                  20009890    00000008     senior.obj (.data:servo_3)
                  20009898    00000004     senior.obj (.data:channels)
                  2000989c    00000004     freertos_builds_MSP_EXP432P401R_release_ccs.lib : ClockP_freertos.obj (.data)
                  200098a0    00000004                                                     : HwiPMSP432_freertos.obj (.data)
                  200098a4    00000004     rtsv7M4_T_le_v4SPD16_eabi.lib : errno.c.obj (.data)
                  200098a8    00000002     senior.obj (.data:buttons)
                  200098aa    00000002     senior.obj (.data:joystick)
                  200098ac    00000001     drivers_msp432p401x.aem4f : PWM.oem4f (.data)
                  200098ad    00000001                               : UART.oem4f (.data)

.vtable    0    20009c00    000000e8     UNINITIALIZED
                  20009c00    000000e8     msp432p4xx_driverlib.lib : interrupt.o (.vtable)

.stack     0    2000fc00    00000400     UNINITIALIZED
                  2000fc00    00000004     rtsv7M4_T_le_v4SPD16_eabi.lib : boot_cortex_m.c.obj (.stack)
                  2000fc04    000003fc     --HOLE--

__llvm_prf_cnts 
*          0    20000000    00000000     UNINITIALIZED

.binit     0    00000000    00000000     

MODULE SUMMARY

       Module                       code    ro data   rw data
       ------                       ----    -------   -------
    .\
       senior.obj                   1872    0         2352   
       main_freertos.obj            208     0         0      
    +--+----------------------------+-------+---------+---------+
       Total:                       2080    0         2352   
                                                             
    .\drivers\
       stepper.obj                  514     0         0      
       motors.obj                   452     0         0      
       gps.obj                      300     0         0      
       servo.obj                    294     0         0      
       hc_05.obj                    242     0         0      
    +--+----------------------------+-------+---------+---------+
       Total:                       1802    0         0      
                                                             
    .\syscfg\
       ti_drivers_config.obj        14      640       3880   
    +--+----------------------------+-------+---------+---------+
       Total:                       14      640       3880   
                                                             
    C:/Users/jorge/Desktop/GitHub/UTEP-Rover-Senior/firmware/freertos_builds_MSP_EXP432P401R_release_ccs/Debug/freertos_builds_MSP_EXP432P401R_release_ccs.lib
       heap_4.obj                   876     0         65592  
       tasks.obj                    5188    4         720    
       HwiPMSP432_freertos.obj      332     0         4104   
       queue.obj                    3300    0         0      
       timers.obj                   1428    0         120    
       SystemP_freertos.obj         1450    0         0      
       pthread.obj                  798     6         40     
       port.obj                     764     8         48     
       ClockP_freertos.obj          598     0         8      
       startup_msp432_ccs.obj       26      324       0      
       list.obj                     298     0         0      
       SemaphoreP_freertos.obj      250     0         0      
       portasm.obj                  218     0         0      
       PowerMSP432_freertos.obj     80      0         0      
       PTLS.obj                     26      0         0      
    +--+----------------------------+-------+---------+---------+
       Total:                       15632   342       70632  
                                                             
    C:/ti/simplelink_msp432p4_sdk_3_40_01_02/source/ti/devices/msp432p4xx/driverlib/ccs/msp432p4xx_driverlib.lib
       cs.o                         1522    0         16     
       interrupt.o                  462     96        464    
       uart.o                       284     0         0      
       sysctl_a.o                   212     0         0      
       cpu.o                        24      0         0      
       sysctl.o                     16      0         0      
    +--+----------------------------+-------+---------+---------+
       Total:                       2520    96        480    
                                                             
    C:/ti/simplelink_msp432p4_sdk_3_40_01_02/source/ti/display/lib/display.aem4f
       DisplayUart.oem4f            184     32        0      
       Display.oem4f                180     1         0      
    +--+----------------------------+-------+---------+---------+
       Total:                       364     33        0      
                                                             
    C:/ti/simplelink_msp432p4_sdk_3_40_01_02/source/ti/drivers/lib/drivers_msp432p401x.aem4f
       UARTMSP432.oem4f             3406    81        0      
       PowerMSP432.oem4f            2196    0         728    
       PWMTimerMSP432.oem4f         1992    52        544    
       UART.oem4f                   196     36        2      
       TimerMSP432.oem4f            204     0         8      
       PWM.oem4f                    182     24        2      
       RingBuf.oem4f                184     0         0      
       GPIOMSP432.oem4f             88      0         0      
       List.oem4f                   76      0         0      
    +--+----------------------------+-------+---------+---------+
       Total:                       8524    193       1284   
                                                             
    C:\ti\ccs1100\ccs\tools\compiler\ti-cgt-arm_20.2.5.LTS\lib\rtsv7M4_T_le_v4SPD16_eabi.lib
       _printfi.c.obj               4851    0         0      
       fd_add_t2.asm.obj            438     0         0      
       fd_div_t2.asm.obj            310     0         0      
       s_scalbn.c.obj               272     0         0      
       fd_cmp_t2.asm.obj            268     0         0      
       ctype.c.obj                  0       257       0      
       fd_mul_t2.asm.obj            252     0         0      
       memcpy_t2.asm.obj            156     0         0      
       ull_div_t2.asm.obj           150     0         0      
       memset_t2.asm.obj            122     0         0      
       copy_decompress_lzss.c.obj   104     0         0      
       s_frexp.c.obj                100     0         0      
       sprintf.c.obj                98      0         0      
       _ltoa.c.obj                  84      0         0      
       atoi.c.obj                   76      0         0      
       fd_toi_t2.asm.obj            72      0         0      
       autoinit.c.obj               68      0         0      
       fd_tou_t2.asm.obj            68      0         0      
       u_divt2.asm.obj              64      0         0      
       boot_cortex_m.c.obj          52      0         0      
       i_tofd_t2.asm.obj            46      0         0      
       memccpy.c.obj                28      0         0      
       s_copysign.c.obj             26      0         0      
       strchr.c.obj                 22      0         0      
       strlen.c.obj                 20      0         0      
       wcslen.c.obj                 18      0         0      
       errno.c.obj                  8       0         8      
       copy_decompress_none.c.obj   14      0         0      
       copy_zero_init.c.obj         12      0         0      
       exit.c.obj                   4       0         0      
       pre_init.c.obj               4       0         0      
       div0.asm.obj                 2       0         0      
    +--+----------------------------+-------+---------+---------+
       Total:                       7809    257       8      
                                                             
       Stack:                       0       0         2048   
       Linker Generated:            0       303       0      
    +--+----------------------------+-------+---------+---------+
       Grand Total:                 38745   1864      80684  


LINKER GENERATED COPY TABLES

__TI_cinit_table @ 00009ea8 records: 3, size/record: 8, table size: 24
	.data: load addr=00009d90, load size=000000fb bytes, run addr=200088e4, run size=00000fca bytes, compression=lzss
	.bss: load addr=00009e98, load size=00000008 bytes, run addr=20000000, run size=000088e4 bytes, compression=zero_init
	.vtable: load addr=00009ea0, load size=00000008 bytes, run addr=20009c00, run size=000000e8 bytes, compression=zero_init


LINKER GENERATED HANDLER TABLE

__TI_handler_table @ 00009e8c records: 3, size/record: 4, table size: 12
	index: 0, handler: __TI_decompress_lzss
	index: 1, handler: __TI_decompress_none
	index: 2, handler: __TI_zero_init


GLOBAL SYMBOLS: SORTED ALPHABETICALLY BY Name 

address   name                               
-------   ----                               
00009d89  ADC_count                          
00009791  Board_init                         
00000b93  Board_initHook                     
000098af  C$$EXIT                            
0000979d  CPU_cpsid                          
000097a9  CPU_cpsie                          
00008b79  CS_clearInterruptFlag              
0000482d  CS_getDCOFrequency                 
00008e61  CS_getMCLK                         
00009305  CS_setExternalClockSourceFrequency 
00004db1  CS_startHFXTWithTimeout            
00004e95  CS_startLFXTWithTimeout            
0000941d  ClockP_Params_init                 
00008709  ClockP_callbackFxn                 
00005f99  ClockP_create                      
00007c0d  ClockP_delete                      
00009571  ClockP_setTimeout                  
000093a5  ClockP_start                       
000075d5  ClockP_stop                        
00002983  DisplayUartMin_clear               
0000372b  DisplayUartMin_clearLines          
00009587  DisplayUartMin_close               
0000988d  DisplayUartMin_control             
00009cc0  DisplayUartMin_fxnTable            
00009893  DisplayUartMin_getType             
00003a8f  DisplayUartMin_init                
00008065  DisplayUartMin_open                
00008219  DisplayUartMin_vprintf             
00009d50  Display_config                     
00009d88  Display_count                      
000099b5  Display_defaultParams              
00008e89  Display_doInit                     
000078e5  Display_doOpen                     
00009899  Display_doParamsInit               
00008e35  Display_doPrintf                   
00009d18  GPIOMSP432_config                  
00007ab1  GPIO_write                         
000093c3  HwiP_Params_init                   
000077c5  HwiP_create                        
00009691  HwiP_delete                        
00008d85  HwiP_disable                       
000080b1  HwiP_dispatch                      
200088e4  HwiP_dispatchTable                 
00008eb1  HwiP_inISR                         
00009325  HwiP_restore                       
00006b59  Interrupt_disableInterrupt         
00006bd9  Interrupt_enableInterrupt          
00007941  Interrupt_registerInterrupt        
00007c61  Interrupt_setPriority              
00009439  Interrupt_unregisterInterrupt      
000090e1  List_put                           
00009107  List_remove                        
000094a9  PTLS_taskDeleteHook                
000066a9  PWMTimerMSP432_close               
0000989f  PWMTimerMSP432_control             
00009c78  PWMTimerMSP432_fxnTable            
000052e3  PWMTimerMSP432_init                
00001e81  PWMTimerMSP432_open                
00006341  PWMTimerMSP432_setDuty             
000098a5  PWMTimerMSP432_setDutyAndPeriod    
00003ddd  PWMTimerMSP432_setPeriod           
000068c5  PWMTimerMSP432_start               
00005e51  PWMTimerMSP432_stop                
000095c9  PWM_Params_init                    
00009af8  PWM_config                         
00009d8a  PWM_count                          
00009d00  PWM_defaultParams                  
00008331  PWM_init                           
000084c9  PWM_open                           
000097fd  PWM_setDuty                        
00009807  PWM_start                          
00009811  PWM_stop                           
00009be8  PowerMSP432_config                 
00007435  PowerMSP432_getFreqs               
000096c9  PowerMSP432_getNumPerfLevels       
0000547f  PowerMSP432_initPolicy             
20009780  PowerMSP432_module                 
2000946c  PowerMSP432_perfLevels             
00008877  PowerMSP432_sleepPolicy            
0000981b  PowerMSP432_updateFreqs            
000097b5  Power_getConstraintMask            
000097c1  Power_getPerformanceLevel          
000095dd  Power_idleFunc                     
000060d9  Power_init                         
00008ed9  Power_registerNotify               
000080f9  Power_releaseConstraint            
00008925  Power_setConstraint                
000013c1  Power_sleep                        
00009345  Power_unregisterNotify             
000096a3  RingBuf_construct                  
00008509  RingBuf_get                        
00009365  RingBuf_peek                       
0000825f  RingBuf_put                        
0000959d  SemaphoreP_Params_init             
00007b61  SemaphoreP_create                  
00008db1  SemaphoreP_createBinary            
000097cd  SemaphoreP_delete                  
00008aa7  SemaphoreP_pend                    
0000927d  SemaphoreP_post                    
000094f9  SysCtl_A_disableNMISource          
00009511  SysCtl_A_enableNMISource           
000096d9  SysCtl_A_getNMISourceStatus        
000063d5  SysCtl_A_getTLVInfo                
000096e9  SysCtl_getNMISourceStatus          
0000929f  SystemP_vsnprintf                  
00006f3d  TimerMSP432_allocateTimerResource  
00007cb5  TimerMSP432_freeTimerResource      
00006469  UARTMSP432_close                   
00005829  UARTMSP432_control                 
00009c50  UARTMSP432_fxnTable                
000053b5  UARTMSP432_hwiIntFxn               
00005827  UARTMSP432_init                    
000016b9  UARTMSP432_open                    
00008549  UARTMSP432_read                    
00008a05  UARTMSP432_readCancel              
00004f75  UARTMSP432_readPolling             
00005c57  UARTMSP432_write                   
0000727d  UARTMSP432_writeCancel             
000058dd  UARTMSP432_writePolling            
00009529  UART_Params_init                   
00009825  UART_close                         
00009c20  UART_config                        
0000982f  UART_control                       
00009d8b  UART_count                         
00009c9c  UART_defaultParams                 
00008375  UART_init                          
00003a91  UART_initModule                    
00008589  UART_open                          
00009839  UART_read                          
00009843  UART_write                         
4000480c  WDTCTL_SYM                         
20010000  __STACK_END                        
00000400  __STACK_SIZE                       
00009ea8  __TI_CINIT_Base                    
00009ec0  __TI_CINIT_Limit                   
00009e8c  __TI_Handler_Table_Base            
00009e98  __TI_Handler_Table_Limit           
000083b9  __TI_auto_init_nobinit_nopinit     
0000749d  __TI_decompress_lzss               
00009759  __TI_decompress_none               
00007d09  __TI_ltoa                          
ffffffff  __TI_pprof_out_hndl                
00000145  __TI_printfi                       
ffffffff  __TI_prof_data_size                
ffffffff  __TI_prof_data_start               
00009d90  __TI_static_base__                 
000097d9  __TI_zero_init                     
000067b9  __aeabi_cdcmpeq                    
000067b9  __aeabi_cdcmple                    
0000683f  __aeabi_cdrcmple                   
00008189  __aeabi_d2iz                       
00008485  __aeabi_d2uiz                      
000027d7  __aeabi_dadd                       
000035f5  __aeabi_ddiv                       
00004731  __aeabi_dmul                       
000027cd  __aeabi_dsub                       
0000986d  __aeabi_errno_addr                 
00008d55  __aeabi_i2d                        
00006b57  __aeabi_idiv0                      
00006b57  __aeabi_ldiv0                      
00006ec3  __aeabi_memclr                     
00006ec3  __aeabi_memclr4                    
00006ec3  __aeabi_memclr8                    
00006175  __aeabi_memcpy                     
00006175  __aeabi_memcpy4                    
00006175  __aeabi_memcpy8                    
00006ec5  __aeabi_memset                     
00006ec5  __aeabi_memset4                    
00006ec5  __aeabi_memset8                    
00008689  __aeabi_uidiv                      
00008689  __aeabi_uidivmod                   
000062a9  __aeabi_uldivmod                   
ffffffff  __binit__                          
ffffffff  __c_args__                         
UNDEFED   __mpu_init                         
2000fc00  __stack                            
20000000  __start___llvm_prf_cnts            
20000000  __stop___llvm_prf_cnts             
00008add  _c_int00_noargs                    
000098b4  _ctypes_                           
0000912d  _pthread_cleanup_pop               
UNDEFED   _system_post_cinit                 
000098ab  _system_pre_init                   
000098af  abort                              
00004925  armThreadLeft                      
00004a11  armThreadRight                     
00007885  arm_set_duty                       
000088b1  arm_set_duty_all                   
00009153  arm_start                          
00009179  arm_stop                           
00007e05  atoi                               
ffffffff  binit                              
00001039  bluetoothThread                    
200098a8  buttons                            
20009898  channels                           
000094c3  copysign                           
000094c3  copysignl                          
00009d2c  displayUartHWAttrs                 
200088b4  displayUartObject                  
200098a4  errno                              
00007639  frexp                              
00007639  frexpl                             
20009c00  g_pfnRAMVectors                    
200097ec  gpioCallbackFunctions              
20009800  gpioPinConfigs                     
200090e4  gps                                
00007e51  gpsThread                          
00006cd5  gps_init                           
000088eb  gps_read                           
200096bc  gui_bluetooth                      
20009704  hc_05                              
00006d51  hc_05_init                         
000082a5  hc_05_read                         
00008ba9  hc_05_write                        
00000000  interruptVectors                   
0000658d  isSubstring                        
200098aa  joystick                           
00004005  ldexp                              
00004005  ldexpl                             
20009860  left_side                          
00005481  main                               
00009455  memccpy                            
00006175  memcpy                             
00006ecb  memset                             
00003ef1  motorMovementThread                
20009830  motor_0                            
2000983c  motor_1                            
20009848  motor_2                            
20009854  motor_3                            
000096f9  motor_backward                     
00009709  motor_forward                      
00007e9d  motor_init                         
00009767  motor_pwm_start                    
000092c1  motor_set_duty                     
00009719  motor_stop                         
00008f79  motors_backward                    
00008fa1  motors_forward                     
00008fc9  motors_init                        
00008ff1  motors_left                        
00009019  motors_pwm_start                   
00009041  motors_right                       
00009069  motors_stop                        
00009471  pthread_attr_init                  
000092e3  pthread_attr_setdetachstate        
00009091  pthread_attr_setschedparam         
00009619  pthread_attr_setstacksize          
00003385  pthread_create                     
000079f9  pthread_exit                       
0000962d  pthread_self                       
00008785  pthread_setcancelstate             
00002e3d  pvPortMalloc                       
00008441  pvTaskGetThreadLocalStoragePointer 
0000948d  pvTaskIncrementMutexHeldCount      
00008d27  pvTimerGetTimerID                  
00009ba8  pwmTimerMSP432HWAttrs              
20008748  pwmTimerMSP432Objects              
2000974c  pxCurrentTCB                       
00007825  pxPortInitialiseStack              
00009641  resetISR                           
20009868  right_side                         
20009814  robotic_arm                        
20009870  robotic_base                       
00004005  scalbn                             
00004005  scalbnl                            
20009878  servo_0                            
20009880  servo_1                            
20009888  servo_2                            
20009890  servo_3                            
000091eb  servo_set_duty                     
00009775  servo_start                        
00009783  servo_stop                         
000086c9  sprintf                            
00004be5  stepper_left                       
00004ccb  stepper_right                      
00008a71  stepper_stop                       
000095b3  strchr                             
00009655  strlen                             
0000711d  tokenize_gps                       
20008400  uartMSP432Objects                  
00009d5c  ulMaxSyscallInterruptPriority      
00005219  ulPortGetIPSR                      
000081d1  uxListRemove                       
000097e5  uxTaskGetNumberOfTasks             
00009d80  uxTopUsedPriority                  
00007193  vApplicationMallocFailedHook       
00009857  vApplicationStackOverflowHook      
00008c69  vListInitialise                    
00009739  vListInitialiseItem                
0000756d  vListInsert                        
000087ff  vListInsertEnd                     
000052d5  vPortEnableVFP                     
00008019  vPortEnterCritical                 
00008c99  vPortExitCritical                  
00005ef5  vPortFree                          
00005291  vPortSVCHandler                    
0000702d  vPortSetupTimerInterrupt           
000052b1  vPortStartFirstTask                
00009861  vPortSuppressTicksAndSleep         
00007209  vPortValidateInterruptPriority     
00009235  vQueueDelete                       
00007a55  vQueueWaitForMessageRestricted     
00004115  vTaskDelete                        
00009259  vTaskInternalSetTimeOutState       
000097f1  vTaskMissedYield                   
00008b45  vTaskPlaceOnEventList              
000070a5  vTaskPlaceOnEventListRestricted    
00003101  vTaskPriorityDisinheritAfterTimeout
00008ddd  vTaskSetApplicationTaskTag         
00006211  vTaskStartScheduler                
00003bad  vTaskSuspend                       
00009749  vTaskSuspendAll                    
0000512d  vTaskSwitchContext                 
000096b5  wcslen                             
00005231  xPortPendSVHandler                 
000052e5  xPortStartScheduler                
00008e09  xPortSysTickHandler                
000082eb  xQueueCreateCountingSemaphore      
00006ad5  xQueueGenericCreate                
0000452d  xQueueGenericReset                 
00002615  xQueueGenericSend                  
000034bd  xQueueGenericSendFromISR           
00003971  xQueueGiveFromISR                  
00002cc1  xQueueReceive                      
0000421d  xQueueReceiveFromISR               
00002985  xQueueSemaphoreTake                
00005991  xTaskCheckForTimeOut               
000069cd  xTaskCreate                        
000090b9  xTaskGetApplicationTaskTag         
00009669  xTaskGetCurrentTaskHandle          
00008cc9  xTaskGetSchedulerState             
0000967d  xTaskGetTickCount                  
00002089  xTaskIncrementTick                 
00003cc5  xTaskPriorityDisinherit            
00003851  xTaskPriorityInherit               
00002b39  xTaskRemoveFromEventList           
00002449  xTaskResumeAll                     
0000883b  xTimerCreate                       
00007d5d  xTimerCreateTimerTask              
00006a51  xTimerGenericCommand               


GLOBAL SYMBOLS: SORTED BY Symbol Address 

address   name                               
-------   ----                               
00000000  interruptVectors                   
00000145  __TI_printfi                       
00000400  __STACK_SIZE                       
00000b93  Board_initHook                     
00001039  bluetoothThread                    
000013c1  Power_sleep                        
000016b9  UARTMSP432_open                    
00001e81  PWMTimerMSP432_open                
00002089  xTaskIncrementTick                 
00002449  xTaskResumeAll                     
00002615  xQueueGenericSend                  
000027cd  __aeabi_dsub                       
000027d7  __aeabi_dadd                       
00002983  DisplayUartMin_clear               
00002985  xQueueSemaphoreTake                
00002b39  xTaskRemoveFromEventList           
00002cc1  xQueueReceive                      
00002e3d  pvPortMalloc                       
00003101  vTaskPriorityDisinheritAfterTimeout
00003385  pthread_create                     
000034bd  xQueueGenericSendFromISR           
000035f5  __aeabi_ddiv                       
0000372b  DisplayUartMin_clearLines          
00003851  xTaskPriorityInherit               
00003971  xQueueGiveFromISR                  
00003a8f  DisplayUartMin_init                
00003a91  UART_initModule                    
00003bad  vTaskSuspend                       
00003cc5  xTaskPriorityDisinherit            
00003ddd  PWMTimerMSP432_setPeriod           
00003ef1  motorMovementThread                
00004005  ldexp                              
00004005  ldexpl                             
00004005  scalbn                             
00004005  scalbnl                            
00004115  vTaskDelete                        
0000421d  xQueueReceiveFromISR               
0000452d  xQueueGenericReset                 
00004731  __aeabi_dmul                       
0000482d  CS_getDCOFrequency                 
00004925  armThreadLeft                      
00004a11  armThreadRight                     
00004be5  stepper_left                       
00004ccb  stepper_right                      
00004db1  CS_startHFXTWithTimeout            
00004e95  CS_startLFXTWithTimeout            
00004f75  UARTMSP432_readPolling             
0000512d  vTaskSwitchContext                 
00005219  ulPortGetIPSR                      
00005231  xPortPendSVHandler                 
00005291  vPortSVCHandler                    
000052b1  vPortStartFirstTask                
000052d5  vPortEnableVFP                     
000052e3  PWMTimerMSP432_init                
000052e5  xPortStartScheduler                
000053b5  UARTMSP432_hwiIntFxn               
0000547f  PowerMSP432_initPolicy             
00005481  main                               
00005827  UARTMSP432_init                    
00005829  UARTMSP432_control                 
000058dd  UARTMSP432_writePolling            
00005991  xTaskCheckForTimeOut               
00005c57  UARTMSP432_write                   
00005e51  PWMTimerMSP432_stop                
00005ef5  vPortFree                          
00005f99  ClockP_create                      
000060d9  Power_init                         
00006175  __aeabi_memcpy                     
00006175  __aeabi_memcpy4                    
00006175  __aeabi_memcpy8                    
00006175  memcpy                             
00006211  vTaskStartScheduler                
000062a9  __aeabi_uldivmod                   
00006341  PWMTimerMSP432_setDuty             
000063d5  SysCtl_A_getTLVInfo                
00006469  UARTMSP432_close                   
0000658d  isSubstring                        
000066a9  PWMTimerMSP432_close               
000067b9  __aeabi_cdcmpeq                    
000067b9  __aeabi_cdcmple                    
0000683f  __aeabi_cdrcmple                   
000068c5  PWMTimerMSP432_start               
000069cd  xTaskCreate                        
00006a51  xTimerGenericCommand               
00006ad5  xQueueGenericCreate                
00006b57  __aeabi_idiv0                      
00006b57  __aeabi_ldiv0                      
00006b59  Interrupt_disableInterrupt         
00006bd9  Interrupt_enableInterrupt          
00006cd5  gps_init                           
00006d51  hc_05_init                         
00006ec3  __aeabi_memclr                     
00006ec3  __aeabi_memclr4                    
00006ec3  __aeabi_memclr8                    
00006ec5  __aeabi_memset                     
00006ec5  __aeabi_memset4                    
00006ec5  __aeabi_memset8                    
00006ecb  memset                             
00006f3d  TimerMSP432_allocateTimerResource  
0000702d  vPortSetupTimerInterrupt           
000070a5  vTaskPlaceOnEventListRestricted    
0000711d  tokenize_gps                       
00007193  vApplicationMallocFailedHook       
00007209  vPortValidateInterruptPriority     
0000727d  UARTMSP432_writeCancel             
00007435  PowerMSP432_getFreqs               
0000749d  __TI_decompress_lzss               
0000756d  vListInsert                        
000075d5  ClockP_stop                        
00007639  frexp                              
00007639  frexpl                             
000077c5  HwiP_create                        
00007825  pxPortInitialiseStack              
00007885  arm_set_duty                       
000078e5  Display_doOpen                     
00007941  Interrupt_registerInterrupt        
000079f9  pthread_exit                       
00007a55  vQueueWaitForMessageRestricted     
00007ab1  GPIO_write                         
00007b61  SemaphoreP_create                  
00007c0d  ClockP_delete                      
00007c61  Interrupt_setPriority              
00007cb5  TimerMSP432_freeTimerResource      
00007d09  __TI_ltoa                          
00007d5d  xTimerCreateTimerTask              
00007e05  atoi                               
00007e51  gpsThread                          
00007e9d  motor_init                         
00008019  vPortEnterCritical                 
00008065  DisplayUartMin_open                
000080b1  HwiP_dispatch                      
000080f9  Power_releaseConstraint            
00008189  __aeabi_d2iz                       
000081d1  uxListRemove                       
00008219  DisplayUartMin_vprintf             
0000825f  RingBuf_put                        
000082a5  hc_05_read                         
000082eb  xQueueCreateCountingSemaphore      
00008331  PWM_init                           
00008375  UART_init                          
000083b9  __TI_auto_init_nobinit_nopinit     
00008441  pvTaskGetThreadLocalStoragePointer 
00008485  __aeabi_d2uiz                      
000084c9  PWM_open                           
00008509  RingBuf_get                        
00008549  UARTMSP432_read                    
00008589  UART_open                          
00008689  __aeabi_uidiv                      
00008689  __aeabi_uidivmod                   
000086c9  sprintf                            
00008709  ClockP_callbackFxn                 
00008785  pthread_setcancelstate             
000087ff  vListInsertEnd                     
0000883b  xTimerCreate                       
00008877  PowerMSP432_sleepPolicy            
000088b1  arm_set_duty_all                   
000088eb  gps_read                           
00008925  Power_setConstraint                
00008a05  UARTMSP432_readCancel              
00008a71  stepper_stop                       
00008aa7  SemaphoreP_pend                    
00008add  _c_int00_noargs                    
00008b45  vTaskPlaceOnEventList              
00008b79  CS_clearInterruptFlag              
00008ba9  hc_05_write                        
00008c69  vListInitialise                    
00008c99  vPortExitCritical                  
00008cc9  xTaskGetSchedulerState             
00008d27  pvTimerGetTimerID                  
00008d55  __aeabi_i2d                        
00008d85  HwiP_disable                       
00008db1  SemaphoreP_createBinary            
00008ddd  vTaskSetApplicationTaskTag         
00008e09  xPortSysTickHandler                
00008e35  Display_doPrintf                   
00008e61  CS_getMCLK                         
00008e89  Display_doInit                     
00008eb1  HwiP_inISR                         
00008ed9  Power_registerNotify               
00008f79  motors_backward                    
00008fa1  motors_forward                     
00008fc9  motors_init                        
00008ff1  motors_left                        
00009019  motors_pwm_start                   
00009041  motors_right                       
00009069  motors_stop                        
00009091  pthread_attr_setschedparam         
000090b9  xTaskGetApplicationTaskTag         
000090e1  List_put                           
00009107  List_remove                        
0000912d  _pthread_cleanup_pop               
00009153  arm_start                          
00009179  arm_stop                           
000091eb  servo_set_duty                     
00009235  vQueueDelete                       
00009259  vTaskInternalSetTimeOutState       
0000927d  SemaphoreP_post                    
0000929f  SystemP_vsnprintf                  
000092c1  motor_set_duty                     
000092e3  pthread_attr_setdetachstate        
00009305  CS_setExternalClockSourceFrequency 
00009325  HwiP_restore                       
00009345  Power_unregisterNotify             
00009365  RingBuf_peek                       
000093a5  ClockP_start                       
000093c3  HwiP_Params_init                   
0000941d  ClockP_Params_init                 
00009439  Interrupt_unregisterInterrupt      
00009455  memccpy                            
00009471  pthread_attr_init                  
0000948d  pvTaskIncrementMutexHeldCount      
000094a9  PTLS_taskDeleteHook                
000094c3  copysign                           
000094c3  copysignl                          
000094f9  SysCtl_A_disableNMISource          
00009511  SysCtl_A_enableNMISource           
00009529  UART_Params_init                   
00009571  ClockP_setTimeout                  
00009587  DisplayUartMin_close               
0000959d  SemaphoreP_Params_init             
000095b3  strchr                             
000095c9  PWM_Params_init                    
000095dd  Power_idleFunc                     
00009619  pthread_attr_setstacksize          
0000962d  pthread_self                       
00009641  resetISR                           
00009655  strlen                             
00009669  xTaskGetCurrentTaskHandle          
0000967d  xTaskGetTickCount                  
00009691  HwiP_delete                        
000096a3  RingBuf_construct                  
000096b5  wcslen                             
000096c9  PowerMSP432_getNumPerfLevels       
000096d9  SysCtl_A_getNMISourceStatus        
000096e9  SysCtl_getNMISourceStatus          
000096f9  motor_backward                     
00009709  motor_forward                      
00009719  motor_stop                         
00009739  vListInitialiseItem                
00009749  vTaskSuspendAll                    
00009759  __TI_decompress_none               
00009767  motor_pwm_start                    
00009775  servo_start                        
00009783  servo_stop                         
00009791  Board_init                         
0000979d  CPU_cpsid                          
000097a9  CPU_cpsie                          
000097b5  Power_getConstraintMask            
000097c1  Power_getPerformanceLevel          
000097cd  SemaphoreP_delete                  
000097d9  __TI_zero_init                     
000097e5  uxTaskGetNumberOfTasks             
000097f1  vTaskMissedYield                   
000097fd  PWM_setDuty                        
00009807  PWM_start                          
00009811  PWM_stop                           
0000981b  PowerMSP432_updateFreqs            
00009825  UART_close                         
0000982f  UART_control                       
00009839  UART_read                          
00009843  UART_write                         
00009857  vApplicationStackOverflowHook      
00009861  vPortSuppressTicksAndSleep         
0000986d  __aeabi_errno_addr                 
0000988d  DisplayUartMin_control             
00009893  DisplayUartMin_getType             
00009899  Display_doParamsInit               
0000989f  PWMTimerMSP432_control             
000098a5  PWMTimerMSP432_setDutyAndPeriod    
000098ab  _system_pre_init                   
000098af  C$$EXIT                            
000098af  abort                              
000098b4  _ctypes_                           
000099b5  Display_defaultParams              
00009af8  PWM_config                         
00009ba8  pwmTimerMSP432HWAttrs              
00009be8  PowerMSP432_config                 
00009c20  UART_config                        
00009c50  UARTMSP432_fxnTable                
00009c78  PWMTimerMSP432_fxnTable            
00009c9c  UART_defaultParams                 
00009cc0  DisplayUartMin_fxnTable            
00009d00  PWM_defaultParams                  
00009d18  GPIOMSP432_config                  
00009d2c  displayUartHWAttrs                 
00009d50  Display_config                     
00009d5c  ulMaxSyscallInterruptPriority      
00009d80  uxTopUsedPriority                  
00009d88  Display_count                      
00009d89  ADC_count                          
00009d8a  PWM_count                          
00009d8b  UART_count                         
00009d90  __TI_static_base__                 
00009e8c  __TI_Handler_Table_Base            
00009e98  __TI_Handler_Table_Limit           
00009ea8  __TI_CINIT_Base                    
00009ec0  __TI_CINIT_Limit                   
20000000  __start___llvm_prf_cnts            
20000000  __stop___llvm_prf_cnts             
20008400  uartMSP432Objects                  
20008748  pwmTimerMSP432Objects              
200088b4  displayUartObject                  
200088e4  HwiP_dispatchTable                 
200090e4  gps                                
2000946c  PowerMSP432_perfLevels             
200096bc  gui_bluetooth                      
20009704  hc_05                              
2000974c  pxCurrentTCB                       
20009780  PowerMSP432_module                 
200097ec  gpioCallbackFunctions              
20009800  gpioPinConfigs                     
20009814  robotic_arm                        
20009830  motor_0                            
2000983c  motor_1                            
20009848  motor_2                            
20009854  motor_3                            
20009860  left_side                          
20009868  right_side                         
20009870  robotic_base                       
20009878  servo_0                            
20009880  servo_1                            
20009888  servo_2                            
20009890  servo_3                            
20009898  channels                           
200098a4  errno                              
200098a8  buttons                            
200098aa  joystick                           
20009c00  g_pfnRAMVectors                    
2000fc00  __stack                            
20010000  __STACK_END                        
4000480c  WDTCTL_SYM                         
ffffffff  __TI_pprof_out_hndl                
ffffffff  __TI_prof_data_size                
ffffffff  __TI_prof_data_start               
ffffffff  __binit__                          
ffffffff  __c_args__                         
ffffffff  binit                              
UNDEFED   __mpu_init                         
UNDEFED   _system_post_cinit                 

[339 symbols]
