******************************************************************************
                  TI ARM Linker PC v20.2.5                     
******************************************************************************
>> Linked Sun Dec  3 22:32:39 2023

OUTPUT FILE NAME:   <empty_MSP_EXP432P401R_freertos_ccs.out>
ENTRY POINT SYMBOL: "resetISR"  address: 00007e15


MEMORY CONFIGURATION

         name            origin    length      used     unused   attr    fill
----------------------  --------  ---------  --------  --------  ----  --------
  MAIN                  00000000   00040000  0000856c  00037a94  R  X
  INFO                  00200000   00004000  00000000  00004000  R  X
  SRAM_CODE             01000000   00010000  00009e32  000061ce  RW X
  SRAM_DATA             20000000   00010000  00009e32  000061ce  RW  


SEGMENT ALLOCATION MAP

run origin  load origin   length   init length attrs members
----------  ----------- ---------- ----------- ----- -------
00000000    00000000    00008570   00008570    r-x
  00000000    00000000    00000144   00000144    r-- .intvecs
  00000144    00000144    00007f32   00007f32    r-x .text
  00008078    00008078    000003c6   000003c6    r-- .const
  00008440    00008440    00000130   00000130    r-- .cinit
20000000    20000000    0000994a   00000000    rw-
  20000000    20000000    00008984   00000000    rw- .bss
  20008984    20008984    00000fc6   00000000    rw- .data
20009c00    20009c00    000000e8   00000000    rw-
  20009c00    20009c00    000000e8   00000000    rw- .vtable
2000fc00    2000fc00    00000400   00000000    rw-
  2000fc00    2000fc00    00000400   00000000    rw- .stack


SECTION ALLOCATION MAP

 output                                  attributes/
section   page    origin      length       input sections
--------  ----  ----------  ----------   ----------------
.text      0    00000144    00007f32     
                  00000144    000004a4     freertos_builds_MSP_EXP432P401R_release_ccs.lib : SystemP_freertos.obj (.text:doPrint)
                  000005e8    00000308     senior.obj (.text:bluetoothThread)
                  000008f0    000002f8     drivers_msp432p401x.aem4f : PowerMSP432.oem4f (.text:Power_sleep)
                  00000be8    000002d0                               : UARTMSP432.oem4f (.text:UARTMSP432_open)
                  00000eb8    00000288                               : PowerMSP432.oem4f (.text:initPerfControl)
                  00001140    00000208                               : PWMTimerMSP432.oem4f (.text:PWMTimerMSP432_open)
                  00001348    000001f0     freertos_builds_MSP_EXP432P401R_release_ccs.lib : tasks.obj (.text:xTaskIncrementTick)
                  00001538    000001cc                                                     : tasks.obj (.text:xTaskResumeAll)
                  00001704    000001b8                                                     : queue.obj (.text:xQueueGenericSend)
                  000018bc    000001b6     rtsv7M4_T_le_v4SPD16_eabi.lib : fd_add_t2.asm.obj (.text)
                  00001a72    00000002     ti_drivers_config.obj (.text:Board_initHook)
                  00001a74    000001b4     freertos_builds_MSP_EXP432P401R_release_ccs.lib : queue.obj (.text:xQueueSemaphoreTake)
                  00001c28    00000188                                                     : tasks.obj (.text:xTaskRemoveFromEventList)
                  00001db0    0000017c                                                     : queue.obj (.text:xQueueReceive)
                  00001f2c    00000170                                                     : heap_4.obj (.text:pvPortMalloc)
                  0000209c    0000015c     senior.obj (.text:armThread)
                  000021f8    0000015c     main_freertos.obj (.text:main)
                  00002354    00000154     freertos_builds_MSP_EXP432P401R_release_ccs.lib : timers.obj (.text:prvProcessReceivedCommands)
                  000024a8    00000148                                                     : tasks.obj (.text:vTaskPriorityDisinheritAfterTimeout)
                  000025f0    00000138                                                     : pthread.obj (.text:pthread_create)
                  00002728    00000138                                                     : queue.obj (.text:xQueueGenericSendFromISR)
                  00002860    00000120                                                     : tasks.obj (.text:xTaskPriorityInherit)
                  00002980    0000011e                                                     : queue.obj (.text:xQueueGiveFromISR)
                  00002a9e    00000002     display.aem4f : DisplayUart.oem4f (.text:DisplayUartMin_clear)
                  00002aa0    0000011c     msp432p4xx_driverlib.lib : uart.o (.text:UART_initModule)
                  00002bbc    00000118     freertos_builds_MSP_EXP432P401R_release_ccs.lib : tasks.obj (.text:vTaskSuspend)
                  00002cd4    00000118                                                     : tasks.obj (.text:xTaskPriorityDisinherit)
                  00002dec    00000114     drivers_msp432p401x.aem4f : PWMTimerMSP432.oem4f (.text:PWMTimerMSP432_setPeriod)
                  00002f00    00000108     freertos_builds_MSP_EXP432P401R_release_ccs.lib : tasks.obj (.text:vTaskDelete)
                  00003008    00000106                                                     : queue.obj (.text:xQueueReceiveFromISR)
                  0000310e    00000002     display.aem4f : DisplayUart.oem4f (.text:DisplayUartMin_clearLines)
                  00003110    00000104     msp432p4xx_driverlib.lib : cs.o (.text:_CSComputeCLKFrequency)
                  00003214    00000104     freertos_builds_MSP_EXP432P401R_release_ccs.lib : tasks.obj (.text:prvAddNewTaskToReadyList)
                  00003318    00000104                                                     : queue.obj (.text:xQueueGenericReset)
                  0000341c    00000100                                                     : tasks.obj (.text:prvInitialiseNewTask)
                  0000351c    000000fc     senior.obj (.text:motorMovementThread)
                  00003618    000000fc     rtsv7M4_T_le_v4SPD16_eabi.lib : fd_mul_t2.asm.obj (.text)
                  00003714    000000f8     msp432p4xx_driverlib.lib : cs.o (.text:CS_getDCOFrequency)
                  0000380c    000000e8     freertos_builds_MSP_EXP432P401R_release_ccs.lib : tasks.obj (.text:prvAddCurrentTaskToDelayedList)
                  000038f4    000000e6     stepper.obj (.text:stepper_left)
                  000039da    000000e6     stepper.obj (.text:stepper_right)
                  00003ac0    000000e4     msp432p4xx_driverlib.lib : cs.o (.text:CS_startHFXTWithTimeout)
                  00003ba4    000000e0                              : cs.o (.text:CS_startLFXTWithTimeout)
                  00003c84    000000dc     drivers_msp432p401x.aem4f : UARTMSP432.oem4f (.text:UARTMSP432_readPolling)
                  00003d60    000000dc     msp432p4xx_driverlib.lib : cs.o (.text:_CSGetHFXTFrequency)
                  00003e3c    000000dc     freertos_builds_MSP_EXP432P401R_release_ccs.lib : tasks.obj (.text:vTaskSwitchContext)
                  00003f18    000000da                                                     : portasm.obj (.text)
                  00003ff2    00000002     display.aem4f : DisplayUart.oem4f (.text:DisplayUartMin_init)
                  00003ff4    000000d0     freertos_builds_MSP_EXP432P401R_release_ccs.lib : port.obj (.text:xPortStartScheduler)
                  000040c4    000000ca     drivers_msp432p401x.aem4f : UARTMSP432.oem4f (.text:UARTMSP432_hwiIntFxn)
                  0000418e    000000bc     freertos_builds_MSP_EXP432P401R_release_ccs.lib : queue.obj (.text:prvCopyDataToQueue)
                  0000424a    00000002     msp432p4xx_driverlib.lib : interrupt.o (.text:IntDefaultHandler)
                  0000424c    000000b8     drivers_msp432p401x.aem4f : UARTMSP432.oem4f (.text:initHw)
                  00004304    000000b8                               : UARTMSP432.oem4f (.text:readTaskCallback)
                  000043bc    000000b6     freertos_builds_MSP_EXP432P401R_release_ccs.lib : SystemP_freertos.obj (.text:formatNum)
                  00004472    00000002     drivers_msp432p401x.aem4f : PWMTimerMSP432.oem4f (.text:PWMTimerMSP432_init)
                  00004474    000000b4                               : UARTMSP432.oem4f (.text:UARTMSP432_control)
                  00004528    000000b4                               : UARTMSP432.oem4f (.text:UARTMSP432_writePolling)
                  000045dc    000000b4     freertos_builds_MSP_EXP432P401R_release_ccs.lib : tasks.obj (.text:xTaskCheckForTimeOut)
                  00004690    000000b0                                                     : heap_4.obj (.text:prvHeapInit)
                  00004740    000000ae                                                     : queue.obj (.text:prvUnlockQueue)
                  000047ee    000000a8     drivers_msp432p401x.aem4f : UARTMSP432.oem4f (.text:UARTMSP432_write)
                  00004896    00000002     freertos_builds_MSP_EXP432P401R_release_ccs.lib : PowerMSP432_freertos.obj (.text:PowerMSP432_initPolicy)
                  00004898    000000a8                                                     : heap_4.obj (.text:prvInsertBlockIntoFreeList)
                  00004940    000000a8     drivers_msp432p401x.aem4f : UARTMSP432.oem4f (.text:readTaskBlocking)
                  000049e8    000000a4                               : PWMTimerMSP432.oem4f (.text:PWMTimerMSP432_stop)
                  00004a8c    000000a4     freertos_builds_MSP_EXP432P401R_release_ccs.lib : heap_4.obj (.text:vPortFree)
                  00004b30    000000a0                                                     : ClockP_freertos.obj (.text:ClockP_create)
                  00004bd0    000000a0     drivers_msp432p401x.aem4f : UARTMSP432.oem4f (.text:readIsrTextCallback)
                  00004c70    0000009c                               : PowerMSP432.oem4f (.text:Power_init)
                  00004d0c    0000009c     rtsv7M4_T_le_v4SPD16_eabi.lib : memcpy_t2.asm.obj (.text)
                  00004da8    00000098     freertos_builds_MSP_EXP432P401R_release_ccs.lib : tasks.obj (.text:vTaskStartScheduler)
                  00004e40    00000096     rtsv7M4_T_le_v4SPD16_eabi.lib : ull_div_t2.asm.obj (.text)
                  00004ed6    00000002     drivers_msp432p401x.aem4f : UARTMSP432.oem4f (.text:UARTMSP432_init)
                  00004ed8    00000094                               : PWMTimerMSP432.oem4f (.text:PWMTimerMSP432_setDuty)
                  00004f6c    00000094     msp432p4xx_driverlib.lib : sysctl_a.o (.text:SysCtl_A_getTLVInfo)
                  00005000    00000092     drivers_msp432p401x.aem4f : UARTMSP432.oem4f (.text:UARTMSP432_close)
                  00005092    00000092                               : UARTMSP432.oem4f (.text:writeData)
                  00005124    00000090     senior.obj (.text:isSubstring)
                  000051b4    0000008c     drivers_msp432p401x.aem4f : UARTMSP432.oem4f (.text:readIsrTextBlocking)
                  00005240    00000088                               : PWMTimerMSP432.oem4f (.text:PWMTimerMSP432_close)
                  000052c8    00000088     freertos_builds_MSP_EXP432P401R_release_ccs.lib : timers.obj (.text:prvProcessTimerOrBlockTask)
                  00005350    00000086     rtsv7M4_T_le_v4SPD16_eabi.lib : fd_cmp_t2.asm.obj (.text:__aeabi_cdcmple)
                  000053d6    00000002     freertos_builds_MSP_EXP432P401R_release_ccs.lib : startup_msp432_ccs.obj (.text:defaultISR)
                  000053d8    00000084     drivers_msp432p401x.aem4f : PWMTimerMSP432.oem4f (.text:PWMTimerMSP432_start)
                  0000545c    00000084                               : PowerMSP432.oem4f (.text:restartHFXT)
                  000054e0    00000084     freertos_builds_MSP_EXP432P401R_release_ccs.lib : tasks.obj (.text:xTaskCreate)
                  00005564    00000084                                                     : timers.obj (.text:xTimerGenericCommand)
                  000055e8    00000082                                                     : queue.obj (.text:xQueueGenericCreate)
                  0000566a    00000002                                                     : startup_msp432_ccs.obj (.text:faultISR)
                  0000566c    00000080     msp432p4xx_driverlib.lib : interrupt.o (.text:Interrupt_disableInterrupt)
                  000056ec    00000080                              : interrupt.o (.text:Interrupt_enableInterrupt)
                  0000576c    0000007c                              : cs.o (.text:_CSGetDOCFrequency)
                  000057e8    0000007c     gps.obj (.text:gps_init)
                  00005864    0000007c     hc_05.obj (.text:hc_05_init)
                  000058e0    0000007c     drivers_msp432p401x.aem4f : PWMTimerMSP432.oem4f (.text:setConstraints)
                  0000595c    0000007a     freertos_builds_MSP_EXP432P401R_release_ccs.lib : pthread.obj (.text:removeThreadKeys)
                  000059d6    0000007a     rtsv7M4_T_le_v4SPD16_eabi.lib : memset_t2.asm.obj (.text)
                  00005a50    00000078     drivers_msp432p401x.aem4f : TimerMSP432.oem4f (.text:TimerMSP432_allocateTimerResource)
                  00005ac8    00000078     freertos_builds_MSP_EXP432P401R_release_ccs.lib : timers.obj (.text:prvInsertTimerInActiveList)
                  00005b40    00000078                                                     : port.obj (.text:vPortSetupTimerInterrupt)
                  00005bb8    00000078                                                     : tasks.obj (.text:vTaskPlaceOnEventListRestricted)
                  00005c30    00000076     gps.obj (.text:tokenize_gps)
                  00005ca6    00000002     freertos_builds_MSP_EXP432P401R_release_ccs.lib : startup_msp432_ccs.obj (.text:nmiISR)
                  00005ca8    00000074                                                     : tasks.obj (.text:prvInitialiseTaskLists)
                  00005d1c    00000074                                                     : port.obj (.text:vPortValidateInterruptPriority)
                  00005d90    00000070     drivers_msp432p401x.aem4f : UARTMSP432.oem4f (.text:UARTMSP432_writeCancel)
                  00005e00    00000070     freertos_builds_MSP_EXP432P401R_release_ccs.lib : ClockP_freertos.obj (.text:setClockObjTimeout)
                  00005e70    0000006a     drivers_msp432p401x.aem4f : PWMTimerMSP432.oem4f (.text:perfChangeNotifyFxn)
                  00005eda    00000002     rtsv7M4_T_le_v4SPD16_eabi.lib : div0.asm.obj (.text)
                  00005edc    00000068     drivers_msp432p401x.aem4f : PowerMSP432.oem4f (.text:PowerMSP432_getFreqs)
                  00005f44    00000068     rtsv7M4_T_le_v4SPD16_eabi.lib : copy_decompress_lzss.c.obj (.text:decompress:lzss:__TI_decompress_lzss)
                  00005fac    00000068     drivers_msp432p401x.aem4f : PWMTimerMSP432.oem4f (.text:initHw)
                  00006014    00000066     freertos_builds_MSP_EXP432P401R_release_ccs.lib : list.obj (.text:vListInsert)
                  0000607a    00000002     main_freertos.obj (.text:vApplicationMallocFailedHook)
                  0000607c    00000064     freertos_builds_MSP_EXP432P401R_release_ccs.lib : ClockP_freertos.obj (.text:ClockP_stop)
                  000060e0    00000064                                                     : tasks.obj (.text:prvGetExpectedIdleTime)
                  00006144    00000062     msp432p4xx_driverlib.lib : cs.o (.text:_CSGetDividerValue)
                  000061a6    00000062     freertos_builds_MSP_EXP432P401R_release_ccs.lib : timers.obj (.text:prvInitialiseNewTimer)
                  00006208    00000060                                                     : HwiPMSP432_freertos.obj (.text:HwiP_create)
                  00006268    00000060                                                     : port.obj (.text:pxPortInitialiseStack)
                  000062c8    0000005e     servo.obj (.text:arm_set_duty)
                  00006326    00000002     --HOLE-- [fill = 0]
                  00006328    0000005c     display.aem4f : Display.oem4f (.text:Display_doOpen)
                  00006384    0000005c     msp432p4xx_driverlib.lib : interrupt.o (.text:Interrupt_registerInterrupt)
                  000063e0    0000005c     freertos_builds_MSP_EXP432P401R_release_ccs.lib : tasks.obj (.text:prvIdleTask)
                  0000643c    0000005c                                                     : pthread.obj (.text:pthread_exit)
                  00006498    0000005c                                                     : queue.obj (.text:vQueueWaitForMessageRestricted)
                  000064f4    00000058     drivers_msp432p401x.aem4f : GPIOMSP432.oem4f (.text:GPIO_write)
                  0000654c    00000058                               : UARTMSP432.oem4f (.text:readIsrBinaryBlocking)
                  000065a4    00000056     freertos_builds_MSP_EXP432P401R_release_ccs.lib : SemaphoreP_freertos.obj (.text:SemaphoreP_create)
                  000065fa    00000002     --HOLE-- [fill = 0]
                  000065fc    00000054                                                     : ClockP_freertos.obj (.text:ClockP_delete)
                  00006650    00000054     msp432p4xx_driverlib.lib : interrupt.o (.text:Interrupt_setPriority)
                  000066a4    00000054     drivers_msp432p401x.aem4f : TimerMSP432.oem4f (.text:TimerMSP432_freeTimerResource)
                  000066f8    00000054     freertos_builds_MSP_EXP432P401R_release_ccs.lib : timers.obj (.text:xTimerCreateTimerTask)
                  0000674c    0000004c     motors.obj (.text:motor_init)
                  00006798    0000004c     freertos_builds_MSP_EXP432P401R_release_ccs.lib : timers.obj (.text:prvCheckForValidListAndQueue)
                  000067e4    0000004c                                                     : tasks.obj (.text:prvCheckTasksWaitingTermination)
                  00006830    0000004c                                                     : timers.obj (.text:prvProcessExpiredTimer)
                  0000687c    0000004c     drivers_msp432p401x.aem4f : UARTMSP432.oem4f (.text:readIsrBinaryCallback)
                  000068c8    0000004c     freertos_builds_MSP_EXP432P401R_release_ccs.lib : port.obj (.text:vPortEnterCritical)
                  00006914    0000004a     display.aem4f : DisplayUart.oem4f (.text:DisplayUartMin_open)
                  0000695e    00000002     --HOLE-- [fill = 0]
                  00006960    00000048     freertos_builds_MSP_EXP432P401R_release_ccs.lib : HwiPMSP432_freertos.obj (.text:HwiP_dispatch)
                  000069a8    00000048     drivers_msp432p401x.aem4f : PowerMSP432.oem4f (.text:Power_releaseConstraint)
                  000069f0    00000048     freertos_builds_MSP_EXP432P401R_release_ccs.lib : timers.obj (.text:prvSwitchTimerLists)
                  00006a38    00000048     rtsv7M4_T_le_v4SPD16_eabi.lib : fd_toi_t2.asm.obj (.text)
                  00006a80    00000048     freertos_builds_MSP_EXP432P401R_release_ccs.lib : list.obj (.text:uxListRemove)
                  00006ac8    00000046     display.aem4f : DisplayUart.oem4f (.text:DisplayUartMin_vprintf)
                  00006b0e    00000046     drivers_msp432p401x.aem4f : RingBuf.oem4f (.text:RingBuf_put)
                  00006b54    00000046     freertos_builds_MSP_EXP432P401R_release_ccs.lib : queue.obj (.text:xQueueCreateCountingSemaphore)
                  00006b9a    00000002     --HOLE-- [fill = 0]
                  00006b9c    00000044     drivers_msp432p401x.aem4f : PWM.oem4f (.text:PWM_init)
                  00006be0    00000044                               : UART.oem4f (.text:UART_init)
                  00006c24    00000044     rtsv7M4_T_le_v4SPD16_eabi.lib : autoinit.c.obj (.text:__TI_auto_init_nobinit_nopinit:__TI_auto_init_nobinit_nopinit)
                  00006c68    00000044     freertos_builds_MSP_EXP432P401R_release_ccs.lib : queue.obj (.text:prvInitialiseNewQueue)
                  00006cac    00000044                                                     : tasks.obj (.text:pvTaskGetThreadLocalStoragePointer)
                  00006cf0    00000044     rtsv7M4_T_le_v4SPD16_eabi.lib : fd_tou_t2.asm.obj (.text)
                  00006d34    00000040     drivers_msp432p401x.aem4f : PWM.oem4f (.text:PWM_open)
                  00006d74    00000040                               : RingBuf.oem4f (.text:RingBuf_get)
                  00006db4    00000040                               : UARTMSP432.oem4f (.text:UARTMSP432_read)
                  00006df4    00000040                               : UART.oem4f (.text:UART_open)
                  00006e34    00000040                               : PWMTimerMSP432.oem4f (.text:getDutyCounts)
                  00006e74    00000040                               : PWMTimerMSP432.oem4f (.text:getPeriodCounts)
                  00006eb4    00000040     gps.obj (.text:gps_read)
                  00006ef4    00000040     hc_05.obj (.text:hc_05_read)
                  00006f34    00000040     drivers_msp432p401x.aem4f : UARTMSP432.oem4f (.text:perfChangeNotifyFxn)
                  00006f74    00000040     rtsv7M4_T_le_v4SPD16_eabi.lib : u_divt2.asm.obj (.text)
                  00006fb4    0000003e     freertos_builds_MSP_EXP432P401R_release_ccs.lib : ClockP_freertos.obj (.text:ClockP_callbackFxn)
                  00006ff2    0000003e                                                     : pthread.obj (.text:pthread_setcancelstate)
                  00007030    0000003c                                                     : queue.obj (.text:prvCopyDataFromQueue)
                  0000706c    0000003c                                                     : list.obj (.text:vListInsertEnd)
                  000070a8    0000003c                                                     : timers.obj (.text:xTimerCreate)
                  000070e4    0000003a                                                     : PowerMSP432_freertos.obj (.text:PowerMSP432_sleepPolicy)
                  0000711e    0000003a     servo.obj (.text:arm_set_duty_all)
                  00007158    00000038     drivers_msp432p401x.aem4f : PowerMSP432.oem4f (.text:Power_setConstraint)
                  00007190    00000038                               : PowerMSP432.oem4f (.text:notify)
                  000071c8    00000038     freertos_builds_MSP_EXP432P401R_release_ccs.lib : timers.obj (.text:prvGetNextExpireTime)
                  00007200    00000038                                                     : port.obj (.text:prvTaskExitError)
                  00007238    00000036     drivers_msp432p401x.aem4f : UARTMSP432.oem4f (.text:UARTMSP432_readCancel)
                  0000726e    00000036     freertos_builds_MSP_EXP432P401R_release_ccs.lib : timers.obj (.text:prvReloadTimer)
                  000072a4    00000036     stepper.obj (.text:stepper_stop)
                  000072da    00000034     freertos_builds_MSP_EXP432P401R_release_ccs.lib : SemaphoreP_freertos.obj (.text:SemaphoreP_pend)
                  0000730e    00000002     --HOLE-- [fill = 0]
                  00007310    00000034     rtsv7M4_T_le_v4SPD16_eabi.lib : boot_cortex_m.c.obj (.text:_c_int00_noargs:_c_int00_noargs)
                  00007344    00000034     senior.obj (.text:gpsThread)
                  00007378    00000034     freertos_builds_MSP_EXP432P401R_release_ccs.lib : timers.obj (.text:prvSampleTimeNow)
                  000073ac    00000034                                                     : tasks.obj (.text:vTaskPlaceOnEventList)
                  000073e0    00000030     msp432p4xx_driverlib.lib : cs.o (.text:CS_clearInterruptFlag)
                  00007410    00000030     drivers_msp432p401x.aem4f : PWMTimerMSP432.oem4f (.text:mapPin)
                  00007440    00000030                               : UARTMSP432.oem4f (.text:mapPin)
                  00007470    00000030     freertos_builds_MSP_EXP432P401R_release_ccs.lib : tasks.obj (.text:prvResetNextTaskUnblockTime)
                  000074a0    00000030                                                     : list.obj (.text:vListInitialise)
                  000074d0    00000030                                                     : port.obj (.text:vPortExitCritical)
                  00007500    00000030                                                     : tasks.obj (.text:xTaskGetSchedulerState)
                  00007530    0000002e                                                     : SystemP_freertos.obj (.text:putChar)
                  0000755e    0000002e                                                     : timers.obj (.text:pvTimerGetTimerID)
                  0000758c    0000002e     rtsv7M4_T_le_v4SPD16_eabi.lib : i_tofd_t2.asm.obj (.text)
                  000075ba    00000002     --HOLE-- [fill = 0]
                  000075bc    0000002c     freertos_builds_MSP_EXP432P401R_release_ccs.lib : HwiPMSP432_freertos.obj (.text:HwiP_disable)
                  000075e8    0000002c                                                     : SemaphoreP_freertos.obj (.text:SemaphoreP_createBinary)
                  00007614    0000002c                                                     : tasks.obj (.text:vTaskSetApplicationTaskTag)
                  00007640    0000002c                                                     : port.obj (.text:xPortSysTickHandler)
                  0000766c    0000002a     display.aem4f : Display.oem4f (.text:Display_doPrintf)
                  00007696    00000002     --HOLE-- [fill = 0]
                  00007698    00000028     msp432p4xx_driverlib.lib : cs.o (.text:CS_getMCLK)
                  000076c0    00000028     display.aem4f : Display.oem4f (.text:Display_doInit)
                  000076e8    00000028     freertos_builds_MSP_EXP432P401R_release_ccs.lib : HwiPMSP432_freertos.obj (.text:HwiP_inISR)
                  00007710    00000028     drivers_msp432p401x.aem4f : PowerMSP432.oem4f (.text:Power_registerNotify)
                  00007738    00000028                               : PowerMSP432.oem4f (.text:disableFaultCounter)
                  00007760    00000028                               : PowerMSP432.oem4f (.text:disableHFXT)
                  00007788    00000028                               : UARTMSP432.oem4f (.text:findBaudDividerIndex)
                  000077b0    00000028     motors.obj (.text:motors_backward)
                  000077d8    00000028     motors.obj (.text:motors_forward)
                  00007800    00000028     motors.obj (.text:motors_init)
                  00007828    00000028     motors.obj (.text:motors_left)
                  00007850    00000028     motors.obj (.text:motors_pwm_start)
                  00007878    00000028     motors.obj (.text:motors_right)
                  000078a0    00000028     motors.obj (.text:motors_stop)
                  000078c8    00000028     freertos_builds_MSP_EXP432P401R_release_ccs.lib : pthread.obj (.text:pthread_attr_setschedparam)
                  000078f0    00000028                                                     : tasks.obj (.text:xTaskGetApplicationTaskTag)
                  00007918    00000026     drivers_msp432p401x.aem4f : List.oem4f (.text:List_put)
                  0000793e    00000026                               : List.oem4f (.text:List_remove)
                  00007964    00000026     freertos_builds_MSP_EXP432P401R_release_ccs.lib : pthread.obj (.text:_pthread_cleanup_pop)
                  0000798a    00000026     servo.obj (.text:arm_start)
                  000079b0    00000026     servo.obj (.text:arm_stop)
                  000079d6    00000026     freertos_builds_MSP_EXP432P401R_release_ccs.lib : queue.obj (.text:prvIsQueueFull)
                  000079fc    00000026     drivers_msp432p401x.aem4f : PWMTimerMSP432.oem4f (.text:releaseConstraints)
                  00007a22    00000026     servo.obj (.text:servo_set_duty)
                  00007a48    00000024     freertos_builds_MSP_EXP432P401R_release_ccs.lib : queue.obj (.text:prvGetDisinheritPriorityAfterTimeout)
                  00007a6c    00000024                                                     : queue.obj (.text:vQueueDelete)
                  00007a90    00000024                                                     : tasks.obj (.text:vTaskInternalSetTimeOutState)
                  00007ab4    00000022                                                     : SemaphoreP_freertos.obj (.text:SemaphoreP_post)
                  00007ad6    00000022                                                     : SystemP_freertos.obj (.text:SystemP_vsnprintf)
                  00007af8    00000022     motors.obj (.text:motor_set_duty)
                  00007b1a    00000022     freertos_builds_MSP_EXP432P401R_release_ccs.lib : pthread.obj (.text:pthread_attr_setdetachstate)
                  00007b3c    00000020     msp432p4xx_driverlib.lib : cs.o (.text:CS_setExternalClockSourceFrequency)
                  00007b5c    00000020     freertos_builds_MSP_EXP432P401R_release_ccs.lib : HwiPMSP432_freertos.obj (.text:HwiP_restore)
                  00007b7c    00000020     drivers_msp432p401x.aem4f : PowerMSP432.oem4f (.text:Power_unregisterNotify)
                  00007b9c    00000020                               : RingBuf.oem4f (.text:RingBuf_peek)
                  00007bbc    00000020     freertos_builds_MSP_EXP432P401R_release_ccs.lib : queue.obj (.text:prvIsQueueEmpty)
                  00007bdc    0000001e                                                     : ClockP_freertos.obj (.text:ClockP_start)
                  00007bfa    0000001e                                                     : HwiPMSP432_freertos.obj (.text:HwiP_Params_init)
                  00007c18    0000001e                                                     : pthread.obj (.text:_pthread_runStub)
                  00007c36    0000001e     drivers_msp432p401x.aem4f : PWMTimerMSP432.oem4f (.text:corroboratePeriod)
                  00007c54    0000001c     freertos_builds_MSP_EXP432P401R_release_ccs.lib : ClockP_freertos.obj (.text:ClockP_Params_init)
                  00007c70    0000001c     msp432p4xx_driverlib.lib : interrupt.o (.text:Interrupt_unregisterInterrupt)
                  00007c8c    0000001c     freertos_builds_MSP_EXP432P401R_release_ccs.lib : pthread.obj (.text:pthread_attr_init)
                  00007ca8    0000001c                                                     : tasks.obj (.text:pvTaskIncrementMutexHeldCount)
                  00007cc4    0000001a                                                     : PTLS.obj (.text:PTLS_taskDeleteHook)
                  00007cde    0000001a                                                     : timers.obj (.text:prvTimerTask)
                  00007cf8    00000018     msp432p4xx_driverlib.lib : sysctl_a.o (.text:SysCtl_A_disableNMISource)
                  00007d10    00000018                              : sysctl_a.o (.text:SysCtl_A_enableNMISource)
                  00007d28    00000018     drivers_msp432p401x.aem4f : UART.oem4f (.text:UART_Params_init)
                  00007d40    00000018                               : PWMTimerMSP432.oem4f (.text:corroborateDuty)
                  00007d58    00000016     freertos_builds_MSP_EXP432P401R_release_ccs.lib : ClockP_freertos.obj (.text:ClockP_setTimeout)
                  00007d6e    00000016     display.aem4f : DisplayUart.oem4f (.text:DisplayUartMin_close)
                  00007d84    00000016     freertos_builds_MSP_EXP432P401R_release_ccs.lib : SemaphoreP_freertos.obj (.text:SemaphoreP_Params_init)
                  00007d9a    00000002     --HOLE-- [fill = 0]
                  00007d9c    00000014     drivers_msp432p401x.aem4f : PWM.oem4f (.text:PWM_Params_init)
                  00007db0    00000014                               : PowerMSP432.oem4f (.text:Power_idleFunc)
                  00007dc4    00000014                               : UARTMSP432.oem4f (.text:clearTXCPTIFG)
                  00007dd8    00000014     freertos_builds_MSP_EXP432P401R_release_ccs.lib : tasks.obj (.text:prvDeleteTCB)
                  00007dec    00000014                                                     : pthread.obj (.text:pthread_attr_setstacksize)
                  00007e00    00000014                                                     : pthread.obj (.text:pthread_self)
                  00007e14    00000014                                                     : startup_msp432_ccs.obj (.text:resetISR)
                  00007e28    00000014     rtsv7M4_T_le_v4SPD16_eabi.lib : strlen.c.obj (.text:strlen)
                  00007e3c    00000014     freertos_builds_MSP_EXP432P401R_release_ccs.lib : tasks.obj (.text:xTaskGetCurrentTaskHandle)
                  00007e50    00000014                                                     : tasks.obj (.text:xTaskGetTickCount)
                  00007e64    00000012                                                     : HwiPMSP432_freertos.obj (.text:HwiP_delete)
                  00007e76    00000012     drivers_msp432p401x.aem4f : RingBuf.oem4f (.text:RingBuf_construct)
                  00007e88    00000010                               : PowerMSP432.oem4f (.text:PowerMSP432_getNumPerfLevels)
                  00007e98    00000010     msp432p4xx_driverlib.lib : sysctl_a.o (.text:SysCtl_A_getNMISourceStatus)
                  00007ea8    00000010                              : sysctl.o (.text:SysCtl_getNMISourceStatus)
                  00007eb8    00000010     motors.obj (.text:motor_backward)
                  00007ec8    00000010     motors.obj (.text:motor_forward)
                  00007ed8    00000010     motors.obj (.text:motor_stop)
                  00007ee8    00000010     drivers_msp432p401x.aem4f : UARTMSP432.oem4f (.text:readBlockingTimeout)
                  00007ef8    00000010     freertos_builds_MSP_EXP432P401R_release_ccs.lib : list.obj (.text:vListInitialiseItem)
                  00007f08    00000010                                                     : tasks.obj (.text:vTaskSuspendAll)
                  00007f18    0000000e     rtsv7M4_T_le_v4SPD16_eabi.lib : copy_decompress_none.c.obj (.text:decompress:none:__TI_decompress_none)
                  00007f26    0000000e     motors.obj (.text:motor_pwm_start)
                  00007f34    0000000e     servo.obj (.text:servo_start)
                  00007f42    0000000e     servo.obj (.text:servo_stop)
                  00007f50    0000000c     ti_drivers_config.obj (.text:Board_init)
                  00007f5c    0000000c     msp432p4xx_driverlib.lib : cpu.o (.text:CPU_cpsid)
                  00007f68    0000000c                              : cpu.o (.text:CPU_cpsie)
                  00007f74    0000000c     drivers_msp432p401x.aem4f : PowerMSP432.oem4f (.text:Power_getConstraintMask)
                  00007f80    0000000c                               : PowerMSP432.oem4f (.text:Power_getPerformanceLevel)
                  00007f8c    0000000c     freertos_builds_MSP_EXP432P401R_release_ccs.lib : SemaphoreP_freertos.obj (.text:SemaphoreP_delete)
                  00007f98    0000000c     senior.obj (.text:check_button)
                  00007fa4    0000000c     senior.obj (.text:check_joystick)
                  00007fb0    0000000c     rtsv7M4_T_le_v4SPD16_eabi.lib : copy_zero_init.c.obj (.text:decompress:ZI:__TI_zero_init)
                  00007fbc    0000000c     freertos_builds_MSP_EXP432P401R_release_ccs.lib : tasks.obj (.text:uxTaskGetNumberOfTasks)
                  00007fc8    0000000c                                                     : tasks.obj (.text:vTaskMissedYield)
                  00007fd4    0000000a     drivers_msp432p401x.aem4f : PWM.oem4f (.text:PWM_setDuty)
                  00007fde    0000000a                               : PWM.oem4f (.text:PWM_start)
                  00007fe8    0000000a                               : PWM.oem4f (.text:PWM_stop)
                  00007ff2    0000000a     freertos_builds_MSP_EXP432P401R_release_ccs.lib : PowerMSP432_freertos.obj (.text:PowerMSP432_updateFreqs)
                  00007ffc    0000000a     drivers_msp432p401x.aem4f : UART.oem4f (.text:UART_close)
                  00008006    0000000a                               : UART.oem4f (.text:UART_control)
                  00008010    0000000a                               : UART.oem4f (.text:UART_read)
                  0000801a    0000000a                               : UART.oem4f (.text:UART_write)
                  00008024    0000000a     main_freertos.obj (.text:vApplicationStackOverflowHook)
                  0000802e    0000000a     freertos_builds_MSP_EXP432P401R_release_ccs.lib : PowerMSP432_freertos.obj (.text:vPortSuppressTicksAndSleep)
                  00008038    00000008     drivers_msp432p401x.aem4f : UARTMSP432.oem4f (.text:readSemCallback)
                  00008040    00000008                               : UARTMSP432.oem4f (.text:txcptEnabledStatus)
                  00008048    00000008                               : UARTMSP432.oem4f (.text:writeSemCallback)
                  00008050    00000006     display.aem4f : DisplayUart.oem4f (.text:DisplayUartMin_control)
                  00008056    00000006                   : DisplayUart.oem4f (.text:DisplayUartMin_getType)
                  0000805c    00000006                   : Display.oem4f (.text:Display_doParamsInit)
                  00008062    00000006     drivers_msp432p401x.aem4f : PWMTimerMSP432.oem4f (.text:PWMTimerMSP432_control)
                  00008068    00000006                               : PWMTimerMSP432.oem4f (.text:PWMTimerMSP432_setDutyAndPeriod)
                  0000806e    00000004     rtsv7M4_T_le_v4SPD16_eabi.lib : pre_init.c.obj (.text:_system_pre_init)
                  00008072    00000004                                   : exit.c.obj (.text:abort:abort)

.const     0    00008078    000003c6     
                  00008078    000000b0     ti_drivers_config.obj (.const:uartMSP432HWAttrs)
                  00008128    00000080     ti_drivers_config.obj (.const:uartMSP432Baudrates)
                  000081a8    00000060     ti_drivers_config.obj (.const:PWM_config)
                  00008208    00000050     msp432p4xx_driverlib.lib : interrupt.o (.const:g_pulRegs)
                  00008258    00000040     ti_drivers_config.obj (.const:pwmTimerMSP432HWAttrs)
                  00008298    00000038     ti_drivers_config.obj (.const:PowerMSP432_config)
                  000082d0    00000030     ti_drivers_config.obj (.const:UART_config)
                  00008300    00000028     drivers_msp432p401x.aem4f : UARTMSP432.oem4f (.const:UARTMSP432_fxnTable)
                  00008328    00000024                               : PWMTimerMSP432.oem4f (.const:PWMTimerMSP432_fxnTable)
                  0000834c    00000024                               : UART.oem4f (.const:UART_defaultParams)
                  00008370    00000020     display.aem4f : DisplayUart.oem4f (.const:DisplayUartMin_fxnTable)
                  00008390    00000020     drivers_msp432p401x.aem4f : UARTMSP432.oem4f (.const:staticFxnTable)
                  000083b0    00000018                               : PWM.oem4f (.const:PWM_defaultParams)
                  000083c8    00000014     ti_drivers_config.obj (.const:GPIOMSP432_config)
                  000083dc    00000014     ti_drivers_config.obj (.const:displayUartHWAttrs)
                  000083f0    00000010     drivers_msp432p401x.aem4f : PWMTimerMSP432.oem4f (.const:pwmTimerBaseAddr)
                  00008400    0000000c     ti_drivers_config.obj (.const:Display_config)
                  0000840c    00000008     freertos_builds_MSP_EXP432P401R_release_ccs.lib : port.obj (.const)
                  00008414    00000008     msp432p4xx_driverlib.lib : interrupt.o (.const:g_pulDisRegs)
                  0000841c    00000008                              : interrupt.o (.const:g_pulEnRegs)
                  00008424    00000005     drivers_msp432p401x.aem4f : UARTMSP432.oem4f (.const:.string:parityTypes)
                  00008429    00000001     display.aem4f : Display.oem4f (.const:Display_defaultParams)
                  0000842a    00000002     --HOLE-- [fill = 0]
                  0000842c    00000004     freertos_builds_MSP_EXP432P401R_release_ccs.lib : pthread.obj (.const)
                  00008430    00000004                                                     : tasks.obj (.const)
                  00008434    00000004     drivers_msp432p401x.aem4f : UARTMSP432.oem4f (.const:stopBits)
                  00008438    00000004     ti_drivers_config.obj (.const)
                  0000843c    00000002     freertos_builds_MSP_EXP432P401R_release_ccs.lib : pthread.obj (.const:.string)

.cinit     0    00008440    00000130     
                  00008440    000000fb     (.cinit..data.load) [load image, compression = lzss]
                  0000853b    00000001     --HOLE-- [fill = 0]
                  0000853c    0000000c     (__TI_handler_table)
                  00008548    00000008     (.cinit..bss.load) [load image, compression = zero_init]
                  00008550    00000008     (.cinit..vtable.load) [load image, compression = zero_init]
                  00008558    00000018     (__TI_cinit_table)

.init_array 
*          0    00000000    00000000     UNINITIALIZED

.intvecs   0    00000000    00000144     
                  00000000    00000144     freertos_builds_MSP_EXP432P401R_release_ccs.lib : startup_msp432_ccs.obj (.intvecs:retain)

.bss       0    20000000    00008984     UNINITIALIZED
                  20000000    00008000     freertos_builds_MSP_EXP432P401R_release_ccs.lib : heap_4.obj (.bss:ucHeap)
                  20008000    00000400     ti_drivers_config.obj (.bss:displayUARTBuffer)
                  20008400    00000200     (.common:uartMSP432Objects)
                  20008600    000000c8     freertos_builds_MSP_EXP432P401R_release_ccs.lib : tasks.obj (.bss:pxReadyTasksLists)
                  200086c8    00000080     ti_drivers_config.obj (.bss:uartMSP432RingBuffer0)
                  20008748    00000080     ti_drivers_config.obj (.bss:uartMSP432RingBuffer1)
                  200087c8    00000080     ti_drivers_config.obj (.bss:uartMSP432RingBuffer3)
                  20008848    00000060     (.common:pwmTimerMSP432Objects)
                  200088a8    00000020     ti_drivers_config.obj (.bss:uartMSP432RingBuffer2)
                  200088c8    00000014     freertos_builds_MSP_EXP432P401R_release_ccs.lib : timers.obj (.bss:xActiveTimerList1)
                  200088dc    00000014                                                     : timers.obj (.bss:xActiveTimerList2)
                  200088f0    00000014                                                     : tasks.obj (.bss:xDelayedTaskList1)
                  20008904    00000014                                                     : tasks.obj (.bss:xDelayedTaskList2)
                  20008918    00000014                                                     : tasks.obj (.bss:xPendingReadyList)
                  2000892c    00000014                                                     : tasks.obj (.bss:xSuspendedTaskList)
                  20008940    00000014                                                     : tasks.obj (.bss:xTasksWaitingTermination)
                  20008954    0000000c     (.common:displayUartObject)
                  20008960    00000008                                                     : tasks.obj (.bss)
                  20008968    00000008                                                     : timers.obj (.bss)
                  20008970    00000008     msp432p4xx_driverlib.lib : cs.o (.bss)
                  20008978    00000008     freertos_builds_MSP_EXP432P401R_release_ccs.lib : heap_4.obj (.bss:xStart)
                  20008980    00000004     drivers_msp432p401x.aem4f : TimerMSP432.oem4f (.bss:timerState)

.data      0    20008984    00000fc6     UNINITIALIZED
                  20008984    00000800     freertos_builds_MSP_EXP432P401R_release_ccs.lib : HwiPMSP432_freertos.obj (.data:HwiP_dispatchTable)
                  20009184    00000388     senior.obj (.data:gps)
                  2000950c    00000140     drivers_msp432p401x.aem4f : PowerMSP432.oem4f (.data:PowerMSP432_perfLevels)
                  2000964c    00000110                               : PWMTimerMSP432.oem4f (.data:pwmTimerStatus)
                  2000975c    00000048     senior.obj (.data:gui_bluetooth)
                  200097a4    00000048     senior.obj (.data:hc_05)
                  200097ec    00000034     freertos_builds_MSP_EXP432P401R_release_ccs.lib : tasks.obj (.data)
                  20009820    0000002c     drivers_msp432p401x.aem4f : PowerMSP432.oem4f (.data:PowerMSP432_module)
                  2000984c    00000018     freertos_builds_MSP_EXP432P401R_release_ccs.lib : port.obj (.data)
                  20009864    00000014                                                     : pthread.obj (.data:defaultPthreadAttrs)
                  20009878    00000014                                                     : heap_4.obj (.data)
                  2000988c    00000014     ti_drivers_config.obj (.data:gpioCallbackFunctions)
                  200098a0    00000014     ti_drivers_config.obj (.data:gpioPinConfigs)
                  200098b4    00000010     senior.obj (.data:robotic_arm)
                  200098c4    0000000c     freertos_builds_MSP_EXP432P401R_release_ccs.lib : timers.obj (.data)
                  200098d0    0000000c     senior.obj (.data:motor_0)
                  200098dc    0000000c     senior.obj (.data:motor_1)
                  200098e8    0000000c     senior.obj (.data:motor_2)
                  200098f4    0000000c     senior.obj (.data:motor_3)
                  20009900    00000008     senior.obj (.data:left_side)
                  20009908    00000008     senior.obj (.data:right_side)
                  20009910    00000008     senior.obj (.data:robotic_base)
                  20009918    00000008     senior.obj (.data:servo_0)
                  20009920    00000008     senior.obj (.data:servo_1)
                  20009928    00000008     senior.obj (.data:servo_2)
                  20009930    00000008     senior.obj (.data:servo_3)
                  20009938    00000004     senior.obj (.data:channels)
                  2000993c    00000004     freertos_builds_MSP_EXP432P401R_release_ccs.lib : ClockP_freertos.obj (.data)
                  20009940    00000004                                                     : HwiPMSP432_freertos.obj (.data)
                  20009944    00000002     senior.obj (.data:buttons)
                  20009946    00000002     senior.obj (.data:joystick)
                  20009948    00000001     drivers_msp432p401x.aem4f : PWM.oem4f (.data)
                  20009949    00000001                               : UART.oem4f (.data)

.vtable    0    20009c00    000000e8     UNINITIALIZED
                  20009c00    000000e8     msp432p4xx_driverlib.lib : interrupt.o (.vtable)

.stack     0    2000fc00    00000400     UNINITIALIZED
                  2000fc00    00000004     rtsv7M4_T_le_v4SPD16_eabi.lib : boot_cortex_m.c.obj (.stack)
                  2000fc04    000003fc     --HOLE--

__llvm_prf_cnts 
*          0    20000000    00000000     UNINITIALIZED

.binit     0    00000000    00000000     

MODULE SUMMARY

       Module                       code    ro data   rw data
       ------                       ----    -------   -------
    .\
       senior.obj                   1596    0         2352   
       main_freertos.obj            360     0         0      
    +--+----------------------------+-------+---------+---------+
       Total:                       1956    0         2352   
                                                             
    .\drivers\
       stepper.obj                  514     0         0      
       motors.obj                   452     0         0      
       gps.obj                      306     0         0      
       servo.obj                    294     0         0      
       hc_05.obj                    188     0         0      
    +--+----------------------------+-------+---------+---------+
       Total:                       1754    0         0      
                                                             
    .\syscfg\
       ti_drivers_config.obj        14      624       4200   
    +--+----------------------------+-------+---------+---------+
       Total:                       14      624       4200   
                                                             
    C:/Users/jorge/Desktop/GitHub/UTEP-Rover-Senior/firmware/freertos_builds_MSP_EXP432P401R_release_ccs/Debug/freertos_builds_MSP_EXP432P401R_release_ccs.lib
       heap_4.obj                   876     0         65592  
       tasks.obj                    5188    4         720    
       HwiPMSP432_freertos.obj      332     0         4104   
       queue.obj                    3300    0         0      
       timers.obj                   1428    0         120    
       SystemP_freertos.obj         1450    0         0      
       pthread.obj                  798     6         40     
       port.obj                     764     8         48     
       ClockP_freertos.obj          598     0         8      
       startup_msp432_ccs.obj       26      324       0      
       list.obj                     298     0         0      
       SemaphoreP_freertos.obj      250     0         0      
       portasm.obj                  218     0         0      
       PowerMSP432_freertos.obj     80      0         0      
       PTLS.obj                     26      0         0      
    +--+----------------------------+-------+---------+---------+
       Total:                       15632   342       70632  
                                                             
    C:/ti/simplelink_msp432p4_sdk_3_40_01_02/source/ti/devices/msp432p4xx/driverlib/ccs/msp432p4xx_driverlib.lib
       cs.o                         1522    0         16     
       interrupt.o                  462     96        464    
       uart.o                       284     0         0      
       sysctl_a.o                   212     0         0      
       cpu.o                        24      0         0      
       sysctl.o                     16      0         0      
    +--+----------------------------+-------+---------+---------+
       Total:                       2520    96        480    
                                                             
    C:/ti/simplelink_msp432p4_sdk_3_40_01_02/source/ti/display/lib/display.aem4f
       DisplayUart.oem4f            184     32        0      
       Display.oem4f                180     1         0      
    +--+----------------------------+-------+---------+---------+
       Total:                       364     33        0      
                                                             
    C:/ti/simplelink_msp432p4_sdk_3_40_01_02/source/ti/drivers/lib/drivers_msp432p401x.aem4f
       UARTMSP432.oem4f             3406    81        0      
       PowerMSP432.oem4f            2196    0         728    
       PWMTimerMSP432.oem4f         1992    52        544    
       UART.oem4f                   196     36        2      
       TimerMSP432.oem4f            204     0         8      
       PWM.oem4f                    182     24        2      
       RingBuf.oem4f                184     0         0      
       GPIOMSP432.oem4f             88      0         0      
       List.oem4f                   76      0         0      
    +--+----------------------------+-------+---------+---------+
       Total:                       8524    193       1284   
                                                             
    C:\ti\ccs1100\ccs\tools\compiler\ti-cgt-arm_20.2.5.LTS\lib\rtsv7M4_T_le_v4SPD16_eabi.lib
       fd_add_t2.asm.obj            438     0         0      
       fd_mul_t2.asm.obj            252     0         0      
       memcpy_t2.asm.obj            156     0         0      
       ull_div_t2.asm.obj           150     0         0      
       fd_cmp_t2.asm.obj            134     0         0      
       memset_t2.asm.obj            122     0         0      
       copy_decompress_lzss.c.obj   104     0         0      
       fd_toi_t2.asm.obj            72      0         0      
       autoinit.c.obj               68      0         0      
       fd_tou_t2.asm.obj            68      0         0      
       u_divt2.asm.obj              64      0         0      
       boot_cortex_m.c.obj          52      0         0      
       i_tofd_t2.asm.obj            46      0         0      
       strlen.c.obj                 20      0         0      
       copy_decompress_none.c.obj   14      0         0      
       copy_zero_init.c.obj         12      0         0      
       exit.c.obj                   4       0         0      
       pre_init.c.obj               4       0         0      
       div0.asm.obj                 2       0         0      
    +--+----------------------------+-------+---------+---------+
       Total:                       1782    0         0      
                                                             
       Stack:                       0       0         2048   
       Linker Generated:            0       303       0      
    +--+----------------------------+-------+---------+---------+
       Grand Total:                 32546   1591      80996  


LINKER GENERATED COPY TABLES

__TI_cinit_table @ 00008558 records: 3, size/record: 8, table size: 24
	.data: load addr=00008440, load size=000000fb bytes, run addr=20008984, run size=00000fc6 bytes, compression=lzss
	.bss: load addr=00008548, load size=00000008 bytes, run addr=20000000, run size=00008984 bytes, compression=zero_init
	.vtable: load addr=00008550, load size=00000008 bytes, run addr=20009c00, run size=000000e8 bytes, compression=zero_init


LINKER GENERATED HANDLER TABLE

__TI_handler_table @ 0000853c records: 3, size/record: 4, table size: 12
	index: 0, handler: __TI_decompress_lzss
	index: 1, handler: __TI_decompress_none
	index: 2, handler: __TI_zero_init


GLOBAL SYMBOLS: SORTED ALPHABETICALLY BY Name 

address   name                               
-------   ----                               
00008439  ADC_count                          
00007f51  Board_init                         
00001a73  Board_initHook                     
00008073  C$$EXIT                            
00007f5d  CPU_cpsid                          
00007f69  CPU_cpsie                          
000073e1  CS_clearInterruptFlag              
00003715  CS_getDCOFrequency                 
00007699  CS_getMCLK                         
00007b3d  CS_setExternalClockSourceFrequency 
00003ac1  CS_startHFXTWithTimeout            
00003ba5  CS_startLFXTWithTimeout            
00007c55  ClockP_Params_init                 
00006fb5  ClockP_callbackFxn                 
00004b31  ClockP_create                      
000065fd  ClockP_delete                      
00007d59  ClockP_setTimeout                  
00007bdd  ClockP_start                       
0000607d  ClockP_stop                        
00002a9f  DisplayUartMin_clear               
0000310f  DisplayUartMin_clearLines          
00007d6f  DisplayUartMin_close               
00008051  DisplayUartMin_control             
00008370  DisplayUartMin_fxnTable            
00008057  DisplayUartMin_getType             
00003ff3  DisplayUartMin_init                
00006915  DisplayUartMin_open                
00006ac9  DisplayUartMin_vprintf             
00008400  Display_config                     
00008438  Display_count                      
00008429  Display_defaultParams              
000076c1  Display_doInit                     
00006329  Display_doOpen                     
0000805d  Display_doParamsInit               
0000766d  Display_doPrintf                   
000083c8  GPIOMSP432_config                  
000064f5  GPIO_write                         
00007bfb  HwiP_Params_init                   
00006209  HwiP_create                        
00007e65  HwiP_delete                        
000075bd  HwiP_disable                       
00006961  HwiP_dispatch                      
20008984  HwiP_dispatchTable                 
000076e9  HwiP_inISR                         
00007b5d  HwiP_restore                       
0000566d  Interrupt_disableInterrupt         
000056ed  Interrupt_enableInterrupt          
00006385  Interrupt_registerInterrupt        
00006651  Interrupt_setPriority              
00007c71  Interrupt_unregisterInterrupt      
00007919  List_put                           
0000793f  List_remove                        
00007cc5  PTLS_taskDeleteHook                
00005241  PWMTimerMSP432_close               
00008063  PWMTimerMSP432_control             
00008328  PWMTimerMSP432_fxnTable            
00004473  PWMTimerMSP432_init                
00001141  PWMTimerMSP432_open                
00004ed9  PWMTimerMSP432_setDuty             
00008069  PWMTimerMSP432_setDutyAndPeriod    
00002ded  PWMTimerMSP432_setPeriod           
000053d9  PWMTimerMSP432_start               
000049e9  PWMTimerMSP432_stop                
00007d9d  PWM_Params_init                    
000081a8  PWM_config                         
0000843a  PWM_count                          
000083b0  PWM_defaultParams                  
00006b9d  PWM_init                           
00006d35  PWM_open                           
00007fd5  PWM_setDuty                        
00007fdf  PWM_start                          
00007fe9  PWM_stop                           
00008298  PowerMSP432_config                 
00005edd  PowerMSP432_getFreqs               
00007e89  PowerMSP432_getNumPerfLevels       
00004897  PowerMSP432_initPolicy             
20009820  PowerMSP432_module                 
2000950c  PowerMSP432_perfLevels             
000070e5  PowerMSP432_sleepPolicy            
00007ff3  PowerMSP432_updateFreqs            
00007f75  Power_getConstraintMask            
00007f81  Power_getPerformanceLevel          
00007db1  Power_idleFunc                     
00004c71  Power_init                         
00007711  Power_registerNotify               
000069a9  Power_releaseConstraint            
00007159  Power_setConstraint                
000008f1  Power_sleep                        
00007b7d  Power_unregisterNotify             
00007e77  RingBuf_construct                  
00006d75  RingBuf_get                        
00007b9d  RingBuf_peek                       
00006b0f  RingBuf_put                        
00007d85  SemaphoreP_Params_init             
000065a5  SemaphoreP_create                  
000075e9  SemaphoreP_createBinary            
00007f8d  SemaphoreP_delete                  
000072db  SemaphoreP_pend                    
00007ab5  SemaphoreP_post                    
00007cf9  SysCtl_A_disableNMISource          
00007d11  SysCtl_A_enableNMISource           
00007e99  SysCtl_A_getNMISourceStatus        
00004f6d  SysCtl_A_getTLVInfo                
00007ea9  SysCtl_getNMISourceStatus          
00007ad7  SystemP_vsnprintf                  
00005a51  TimerMSP432_allocateTimerResource  
000066a5  TimerMSP432_freeTimerResource      
00005001  UARTMSP432_close                   
00004475  UARTMSP432_control                 
00008300  UARTMSP432_fxnTable                
000040c5  UARTMSP432_hwiIntFxn               
00004ed7  UARTMSP432_init                    
00000be9  UARTMSP432_open                    
00006db5  UARTMSP432_read                    
00007239  UARTMSP432_readCancel              
00003c85  UARTMSP432_readPolling             
000047ef  UARTMSP432_write                   
00005d91  UARTMSP432_writeCancel             
00004529  UARTMSP432_writePolling            
00007d29  UART_Params_init                   
00007ffd  UART_close                         
000082d0  UART_config                        
00008007  UART_control                       
0000843b  UART_count                         
0000834c  UART_defaultParams                 
00006be1  UART_init                          
00002aa1  UART_initModule                    
00006df5  UART_open                          
00008011  UART_read                          
0000801b  UART_write                         
4000480c  WDTCTL_SYM                         
20010000  __STACK_END                        
00000400  __STACK_SIZE                       
00008558  __TI_CINIT_Base                    
00008570  __TI_CINIT_Limit                   
0000853c  __TI_Handler_Table_Base            
00008548  __TI_Handler_Table_Limit           
00006c25  __TI_auto_init_nobinit_nopinit     
00005f45  __TI_decompress_lzss               
00007f19  __TI_decompress_none               
ffffffff  __TI_pprof_out_hndl                
ffffffff  __TI_prof_data_size                
ffffffff  __TI_prof_data_start               
00008440  __TI_static_base__                 
00007fb1  __TI_zero_init                     
00005351  __aeabi_cdcmpeq                    
00005351  __aeabi_cdcmple                    
00006a39  __aeabi_d2iz                       
00006cf1  __aeabi_d2uiz                      
000018c7  __aeabi_dadd                       
00003619  __aeabi_dmul                       
000018bd  __aeabi_dsub                       
0000758d  __aeabi_i2d                        
00005edb  __aeabi_idiv0                      
00005edb  __aeabi_ldiv0                      
000059d7  __aeabi_memclr                     
000059d7  __aeabi_memclr4                    
000059d7  __aeabi_memclr8                    
00004d0d  __aeabi_memcpy                     
00004d0d  __aeabi_memcpy4                    
00004d0d  __aeabi_memcpy8                    
000059d9  __aeabi_memset                     
000059d9  __aeabi_memset4                    
000059d9  __aeabi_memset8                    
00006f75  __aeabi_uidiv                      
00006f75  __aeabi_uidivmod                   
00004e41  __aeabi_uldivmod                   
ffffffff  __binit__                          
ffffffff  __c_args__                         
UNDEFED   __mpu_init                         
2000fc00  __stack                            
20000000  __start___llvm_prf_cnts            
20000000  __stop___llvm_prf_cnts             
00007311  _c_int00_noargs                    
00007965  _pthread_cleanup_pop               
UNDEFED   _system_post_cinit                 
0000806f  _system_pre_init                   
00008073  abort                              
0000209d  armThread                          
000062c9  arm_set_duty                       
0000711f  arm_set_duty_all                   
0000798b  arm_start                          
000079b1  arm_stop                           
ffffffff  binit                              
000005e9  bluetoothThread                    
20009944  buttons                            
20009938  channels                           
00007f99  check_button                       
00007fa5  check_joystick                     
000083dc  displayUartHWAttrs                 
20008954  displayUartObject                  
20009c00  g_pfnRAMVectors                    
2000988c  gpioCallbackFunctions              
200098a0  gpioPinConfigs                     
20009184  gps                                
00007345  gpsThread                          
000057e9  gps_init                           
00006eb5  gps_read                           
2000975c  gui_bluetooth                      
200097a4  hc_05                              
00005865  hc_05_init                         
00006ef5  hc_05_read                         
00000000  interruptVectors                   
00005125  isSubstring                        
20009946  joystick                           
20009900  left_side                          
000021f9  main                               
00004d0d  memcpy                             
000059df  memset                             
0000351d  motorMovementThread                
200098d0  motor_0                            
200098dc  motor_1                            
200098e8  motor_2                            
200098f4  motor_3                            
00007eb9  motor_backward                     
00007ec9  motor_forward                      
0000674d  motor_init                         
00007f27  motor_pwm_start                    
00007af9  motor_set_duty                     
00007ed9  motor_stop                         
000077b1  motors_backward                    
000077d9  motors_forward                     
00007801  motors_init                        
00007829  motors_left                        
00007851  motors_pwm_start                   
00007879  motors_right                       
000078a1  motors_stop                        
00007c8d  pthread_attr_init                  
00007b1b  pthread_attr_setdetachstate        
000078c9  pthread_attr_setschedparam         
00007ded  pthread_attr_setstacksize          
000025f1  pthread_create                     
0000643d  pthread_exit                       
00007e01  pthread_self                       
00006ff3  pthread_setcancelstate             
00001f2d  pvPortMalloc                       
00006cad  pvTaskGetThreadLocalStoragePointer 
00007ca9  pvTaskIncrementMutexHeldCount      
0000755f  pvTimerGetTimerID                  
00008258  pwmTimerMSP432HWAttrs              
20008848  pwmTimerMSP432Objects              
200097ec  pxCurrentTCB                       
00006269  pxPortInitialiseStack              
00007e15  resetISR                           
20009908  right_side                         
200098b4  robotic_arm                        
20009910  robotic_base                       
20009918  servo_0                            
20009920  servo_1                            
20009928  servo_2                            
20009930  servo_3                            
00007a23  servo_set_duty                     
00007f35  servo_start                        
00007f43  servo_stop                         
000038f5  stepper_left                       
000039db  stepper_right                      
000072a5  stepper_stop                       
00007e29  strlen                             
00005c31  tokenize_gps                       
20008400  uartMSP432Objects                  
0000840c  ulMaxSyscallInterruptPriority      
00003f29  ulPortGetIPSR                      
00006a81  uxListRemove                       
00007fbd  uxTaskGetNumberOfTasks             
00008430  uxTopUsedPriority                  
0000607b  vApplicationMallocFailedHook       
00008025  vApplicationStackOverflowHook      
000074a1  vListInitialise                    
00007ef9  vListInitialiseItem                
00006015  vListInsert                        
0000706d  vListInsertEnd                     
00003fe5  vPortEnableVFP                     
000068c9  vPortEnterCritical                 
000074d1  vPortExitCritical                  
00004a8d  vPortFree                          
00003fa1  vPortSVCHandler                    
00005b41  vPortSetupTimerInterrupt           
00003fc1  vPortStartFirstTask                
0000802f  vPortSuppressTicksAndSleep         
00005d1d  vPortValidateInterruptPriority     
00007a6d  vQueueDelete                       
00006499  vQueueWaitForMessageRestricted     
00002f01  vTaskDelete                        
00007a91  vTaskInternalSetTimeOutState       
00007fc9  vTaskMissedYield                   
000073ad  vTaskPlaceOnEventList              
00005bb9  vTaskPlaceOnEventListRestricted    
000024a9  vTaskPriorityDisinheritAfterTimeout
00007615  vTaskSetApplicationTaskTag         
00004da9  vTaskStartScheduler                
00002bbd  vTaskSuspend                       
00007f09  vTaskSuspendAll                    
00003e3d  vTaskSwitchContext                 
00003f41  xPortPendSVHandler                 
00003ff5  xPortStartScheduler                
00007641  xPortSysTickHandler                
00006b55  xQueueCreateCountingSemaphore      
000055e9  xQueueGenericCreate                
00003319  xQueueGenericReset                 
00001705  xQueueGenericSend                  
00002729  xQueueGenericSendFromISR           
00002981  xQueueGiveFromISR                  
00001db1  xQueueReceive                      
00003009  xQueueReceiveFromISR               
00001a75  xQueueSemaphoreTake                
000045dd  xTaskCheckForTimeOut               
000054e1  xTaskCreate                        
000078f1  xTaskGetApplicationTaskTag         
00007e3d  xTaskGetCurrentTaskHandle          
00007501  xTaskGetSchedulerState             
00007e51  xTaskGetTickCount                  
00001349  xTaskIncrementTick                 
00002cd5  xTaskPriorityDisinherit            
00002861  xTaskPriorityInherit               
00001c29  xTaskRemoveFromEventList           
00001539  xTaskResumeAll                     
000070a9  xTimerCreate                       
000066f9  xTimerCreateTimerTask              
00005565  xTimerGenericCommand               


GLOBAL SYMBOLS: SORTED BY Symbol Address 

address   name                               
-------   ----                               
00000000  interruptVectors                   
00000400  __STACK_SIZE                       
000005e9  bluetoothThread                    
000008f1  Power_sleep                        
00000be9  UARTMSP432_open                    
00001141  PWMTimerMSP432_open                
00001349  xTaskIncrementTick                 
00001539  xTaskResumeAll                     
00001705  xQueueGenericSend                  
000018bd  __aeabi_dsub                       
000018c7  __aeabi_dadd                       
00001a73  Board_initHook                     
00001a75  xQueueSemaphoreTake                
00001c29  xTaskRemoveFromEventList           
00001db1  xQueueReceive                      
00001f2d  pvPortMalloc                       
0000209d  armThread                          
000021f9  main                               
000024a9  vTaskPriorityDisinheritAfterTimeout
000025f1  pthread_create                     
00002729  xQueueGenericSendFromISR           
00002861  xTaskPriorityInherit               
00002981  xQueueGiveFromISR                  
00002a9f  DisplayUartMin_clear               
00002aa1  UART_initModule                    
00002bbd  vTaskSuspend                       
00002cd5  xTaskPriorityDisinherit            
00002ded  PWMTimerMSP432_setPeriod           
00002f01  vTaskDelete                        
00003009  xQueueReceiveFromISR               
0000310f  DisplayUartMin_clearLines          
00003319  xQueueGenericReset                 
0000351d  motorMovementThread                
00003619  __aeabi_dmul                       
00003715  CS_getDCOFrequency                 
000038f5  stepper_left                       
000039db  stepper_right                      
00003ac1  CS_startHFXTWithTimeout            
00003ba5  CS_startLFXTWithTimeout            
00003c85  UARTMSP432_readPolling             
00003e3d  vTaskSwitchContext                 
00003f29  ulPortGetIPSR                      
00003f41  xPortPendSVHandler                 
00003fa1  vPortSVCHandler                    
00003fc1  vPortStartFirstTask                
00003fe5  vPortEnableVFP                     
00003ff3  DisplayUartMin_init                
00003ff5  xPortStartScheduler                
000040c5  UARTMSP432_hwiIntFxn               
00004473  PWMTimerMSP432_init                
00004475  UARTMSP432_control                 
00004529  UARTMSP432_writePolling            
000045dd  xTaskCheckForTimeOut               
000047ef  UARTMSP432_write                   
00004897  PowerMSP432_initPolicy             
000049e9  PWMTimerMSP432_stop                
00004a8d  vPortFree                          
00004b31  ClockP_create                      
00004c71  Power_init                         
00004d0d  __aeabi_memcpy                     
00004d0d  __aeabi_memcpy4                    
00004d0d  __aeabi_memcpy8                    
00004d0d  memcpy                             
00004da9  vTaskStartScheduler                
00004e41  __aeabi_uldivmod                   
00004ed7  UARTMSP432_init                    
00004ed9  PWMTimerMSP432_setDuty             
00004f6d  SysCtl_A_getTLVInfo                
00005001  UARTMSP432_close                   
00005125  isSubstring                        
00005241  PWMTimerMSP432_close               
00005351  __aeabi_cdcmpeq                    
00005351  __aeabi_cdcmple                    
000053d9  PWMTimerMSP432_start               
000054e1  xTaskCreate                        
00005565  xTimerGenericCommand               
000055e9  xQueueGenericCreate                
0000566d  Interrupt_disableInterrupt         
000056ed  Interrupt_enableInterrupt          
000057e9  gps_init                           
00005865  hc_05_init                         
000059d7  __aeabi_memclr                     
000059d7  __aeabi_memclr4                    
000059d7  __aeabi_memclr8                    
000059d9  __aeabi_memset                     
000059d9  __aeabi_memset4                    
000059d9  __aeabi_memset8                    
000059df  memset                             
00005a51  TimerMSP432_allocateTimerResource  
00005b41  vPortSetupTimerInterrupt           
00005bb9  vTaskPlaceOnEventListRestricted    
00005c31  tokenize_gps                       
00005d1d  vPortValidateInterruptPriority     
00005d91  UARTMSP432_writeCancel             
00005edb  __aeabi_idiv0                      
00005edb  __aeabi_ldiv0                      
00005edd  PowerMSP432_getFreqs               
00005f45  __TI_decompress_lzss               
00006015  vListInsert                        
0000607b  vApplicationMallocFailedHook       
0000607d  ClockP_stop                        
00006209  HwiP_create                        
00006269  pxPortInitialiseStack              
000062c9  arm_set_duty                       
00006329  Display_doOpen                     
00006385  Interrupt_registerInterrupt        
0000643d  pthread_exit                       
00006499  vQueueWaitForMessageRestricted     
000064f5  GPIO_write                         
000065a5  SemaphoreP_create                  
000065fd  ClockP_delete                      
00006651  Interrupt_setPriority              
000066a5  TimerMSP432_freeTimerResource      
000066f9  xTimerCreateTimerTask              
0000674d  motor_init                         
000068c9  vPortEnterCritical                 
00006915  DisplayUartMin_open                
00006961  HwiP_dispatch                      
000069a9  Power_releaseConstraint            
00006a39  __aeabi_d2iz                       
00006a81  uxListRemove                       
00006ac9  DisplayUartMin_vprintf             
00006b0f  RingBuf_put                        
00006b55  xQueueCreateCountingSemaphore      
00006b9d  PWM_init                           
00006be1  UART_init                          
00006c25  __TI_auto_init_nobinit_nopinit     
00006cad  pvTaskGetThreadLocalStoragePointer 
00006cf1  __aeabi_d2uiz                      
00006d35  PWM_open                           
00006d75  RingBuf_get                        
00006db5  UARTMSP432_read                    
00006df5  UART_open                          
00006eb5  gps_read                           
00006ef5  hc_05_read                         
00006f75  __aeabi_uidiv                      
00006f75  __aeabi_uidivmod                   
00006fb5  ClockP_callbackFxn                 
00006ff3  pthread_setcancelstate             
0000706d  vListInsertEnd                     
000070a9  xTimerCreate                       
000070e5  PowerMSP432_sleepPolicy            
0000711f  arm_set_duty_all                   
00007159  Power_setConstraint                
00007239  UARTMSP432_readCancel              
000072a5  stepper_stop                       
000072db  SemaphoreP_pend                    
00007311  _c_int00_noargs                    
00007345  gpsThread                          
000073ad  vTaskPlaceOnEventList              
000073e1  CS_clearInterruptFlag              
000074a1  vListInitialise                    
000074d1  vPortExitCritical                  
00007501  xTaskGetSchedulerState             
0000755f  pvTimerGetTimerID                  
0000758d  __aeabi_i2d                        
000075bd  HwiP_disable                       
000075e9  SemaphoreP_createBinary            
00007615  vTaskSetApplicationTaskTag         
00007641  xPortSysTickHandler                
0000766d  Display_doPrintf                   
00007699  CS_getMCLK                         
000076c1  Display_doInit                     
000076e9  HwiP_inISR                         
00007711  Power_registerNotify               
000077b1  motors_backward                    
000077d9  motors_forward                     
00007801  motors_init                        
00007829  motors_left                        
00007851  motors_pwm_start                   
00007879  motors_right                       
000078a1  motors_stop                        
000078c9  pthread_attr_setschedparam         
000078f1  xTaskGetApplicationTaskTag         
00007919  List_put                           
0000793f  List_remove                        
00007965  _pthread_cleanup_pop               
0000798b  arm_start                          
000079b1  arm_stop                           
00007a23  servo_set_duty                     
00007a6d  vQueueDelete                       
00007a91  vTaskInternalSetTimeOutState       
00007ab5  SemaphoreP_post                    
00007ad7  SystemP_vsnprintf                  
00007af9  motor_set_duty                     
00007b1b  pthread_attr_setdetachstate        
00007b3d  CS_setExternalClockSourceFrequency 
00007b5d  HwiP_restore                       
00007b7d  Power_unregisterNotify             
00007b9d  RingBuf_peek                       
00007bdd  ClockP_start                       
00007bfb  HwiP_Params_init                   
00007c55  ClockP_Params_init                 
00007c71  Interrupt_unregisterInterrupt      
00007c8d  pthread_attr_init                  
00007ca9  pvTaskIncrementMutexHeldCount      
00007cc5  PTLS_taskDeleteHook                
00007cf9  SysCtl_A_disableNMISource          
00007d11  SysCtl_A_enableNMISource           
00007d29  UART_Params_init                   
00007d59  ClockP_setTimeout                  
00007d6f  DisplayUartMin_close               
00007d85  SemaphoreP_Params_init             
00007d9d  PWM_Params_init                    
00007db1  Power_idleFunc                     
00007ded  pthread_attr_setstacksize          
00007e01  pthread_self                       
00007e15  resetISR                           
00007e29  strlen                             
00007e3d  xTaskGetCurrentTaskHandle          
00007e51  xTaskGetTickCount                  
00007e65  HwiP_delete                        
00007e77  RingBuf_construct                  
00007e89  PowerMSP432_getNumPerfLevels       
00007e99  SysCtl_A_getNMISourceStatus        
00007ea9  SysCtl_getNMISourceStatus          
00007eb9  motor_backward                     
00007ec9  motor_forward                      
00007ed9  motor_stop                         
00007ef9  vListInitialiseItem                
00007f09  vTaskSuspendAll                    
00007f19  __TI_decompress_none               
00007f27  motor_pwm_start                    
00007f35  servo_start                        
00007f43  servo_stop                         
00007f51  Board_init                         
00007f5d  CPU_cpsid                          
00007f69  CPU_cpsie                          
00007f75  Power_getConstraintMask            
00007f81  Power_getPerformanceLevel          
00007f8d  SemaphoreP_delete                  
00007f99  check_button                       
00007fa5  check_joystick                     
00007fb1  __TI_zero_init                     
00007fbd  uxTaskGetNumberOfTasks             
00007fc9  vTaskMissedYield                   
00007fd5  PWM_setDuty                        
00007fdf  PWM_start                          
00007fe9  PWM_stop                           
00007ff3  PowerMSP432_updateFreqs            
00007ffd  UART_close                         
00008007  UART_control                       
00008011  UART_read                          
0000801b  UART_write                         
00008025  vApplicationStackOverflowHook      
0000802f  vPortSuppressTicksAndSleep         
00008051  DisplayUartMin_control             
00008057  DisplayUartMin_getType             
0000805d  Display_doParamsInit               
00008063  PWMTimerMSP432_control             
00008069  PWMTimerMSP432_setDutyAndPeriod    
0000806f  _system_pre_init                   
00008073  C$$EXIT                            
00008073  abort                              
000081a8  PWM_config                         
00008258  pwmTimerMSP432HWAttrs              
00008298  PowerMSP432_config                 
000082d0  UART_config                        
00008300  UARTMSP432_fxnTable                
00008328  PWMTimerMSP432_fxnTable            
0000834c  UART_defaultParams                 
00008370  DisplayUartMin_fxnTable            
000083b0  PWM_defaultParams                  
000083c8  GPIOMSP432_config                  
000083dc  displayUartHWAttrs                 
00008400  Display_config                     
0000840c  ulMaxSyscallInterruptPriority      
00008429  Display_defaultParams              
00008430  uxTopUsedPriority                  
00008438  Display_count                      
00008439  ADC_count                          
0000843a  PWM_count                          
0000843b  UART_count                         
00008440  __TI_static_base__                 
0000853c  __TI_Handler_Table_Base            
00008548  __TI_Handler_Table_Limit           
00008558  __TI_CINIT_Base                    
00008570  __TI_CINIT_Limit                   
20000000  __start___llvm_prf_cnts            
20000000  __stop___llvm_prf_cnts             
20008400  uartMSP432Objects                  
20008848  pwmTimerMSP432Objects              
20008954  displayUartObject                  
20008984  HwiP_dispatchTable                 
20009184  gps                                
2000950c  PowerMSP432_perfLevels             
2000975c  gui_bluetooth                      
200097a4  hc_05                              
200097ec  pxCurrentTCB                       
20009820  PowerMSP432_module                 
2000988c  gpioCallbackFunctions              
200098a0  gpioPinConfigs                     
200098b4  robotic_arm                        
200098d0  motor_0                            
200098dc  motor_1                            
200098e8  motor_2                            
200098f4  motor_3                            
20009900  left_side                          
20009908  right_side                         
20009910  robotic_base                       
20009918  servo_0                            
20009920  servo_1                            
20009928  servo_2                            
20009930  servo_3                            
20009938  channels                           
20009944  buttons                            
20009946  joystick                           
20009c00  g_pfnRAMVectors                    
2000fc00  __stack                            
20010000  __STACK_END                        
4000480c  WDTCTL_SYM                         
ffffffff  __TI_pprof_out_hndl                
ffffffff  __TI_prof_data_size                
ffffffff  __TI_prof_data_start               
ffffffff  __binit__                          
ffffffff  __c_args__                         
ffffffff  binit                              
UNDEFED   __mpu_init                         
UNDEFED   _system_post_cinit                 

[319 symbols]
